{
    "-profile test": {
        "content": [
            73,
            {
                "BCFTOOLS_INDEX": {
                    "bcftools": 1.22
                },
                "BCFTOOLS_VIEW_CONVERT": {
                    "bcftools": 1.22
                },
                "BWA_MEM": {
                    "bwa": "0.7.19-r1273",
                    "samtools": "1.22.1"
                },
                "DOWNSAMPLE_RATE": {
                    "python": "3.12.3"
                },
                "FAQCS": {
                    "faqcs": 2.12
                },
                "FASTQC_POST": {
                    "fastqc": "0.12.1"
                },
                "FASTQC_RAW": {
                    "fastqc": "0.12.1"
                },
                "FILTER_GATK_GENOTYPES": {
                    "python": "3.12.3"
                },
                "GATK4_COMBINEGVCFS": {
                    "gatk4": "4.6.2.0-SNAPSHOT"
                },
                "GATK4_GENOTYPEGVCFS": {
                    "gatk4": "4.6.2.0-SNAPSHOT"
                },
                "GATK4_HAPLOTYPECALLER": {
                    "gatk4": "4.6.2.0-SNAPSHOT"
                },
                "GATK4_INDEXFEATUREFILE": {
                    "gatk4": "4.6.2.0-SNAPSHOT"
                },
                "GATK4_SELECTVARIANTS": {
                    "gatk4": "4.6.2.0-SNAPSHOT"
                },
                "GATK4_VARIANTFILTRATION": {
                    "gatk4": "4.6.2.0-SNAPSHOT"
                },
                "PICARD_ADDORREPLACEREADGROUPS": {
                    "picard": "3.4.0"
                },
                "PICARD_CLEANSAM": {
                    "picard": "3.4.0"
                },
                "PICARD_FIXMATEINFORMATION": {
                    "picard": "3.4.0"
                },
                "PICARD_MARKDUPLICATES": {
                    "picard": "3.4.0"
                },
                "QC_PARSER": {
                    "python": "3.12.3"
                },
                "QC_REPORT": {
                    "python": "3.12.3"
                },
                "SAMTOOLS_COVERAGE": {
                    "samtools": "1.22.1"
                },
                "SAMTOOLS_DEPTH": {
                    "samtools": "1.22.1"
                },
                "SAMTOOLS_FLAGSTAT": {
                    "samtools": "1.22.1"
                },
                "SAMTOOLS_IDXSTATS": {
                    "samtools": "1.22.1"
                },
                "SAMTOOLS_STATS": {
                    "samtools": "1.22.1"
                },
                "SEQKIT_PAIR": {
                    "seqkit": "2.12.0"
                },
                "SEQKIT_REPLACE": {
                    "seqkit": "2.12.0"
                },
                "SEQTK_SAMPLE": {
                    "seqtk": "1.5-r133"
                },
                "SNPDISTS": {
                    "snpdists": "0.8.2"
                },
                "SNPEFF_ANN": {
                    "snpeff": "5.2f"
                },
                "SPLIT_VCF": {
                    "bcftools": 1.22
                },
                "TABIX_BGZIPTABIX": {
                    "tabix": 1.23
                },
                "VCF_CONSENSUS": {
                    "bcftools": 1.22
                },
                "VCF_QC": {
                    "awk": "1.3.4"
                },
                "VCF_TO_FASTA": {
                    "python": "3.12.3"
                },
                "Workflow": {
                    "CDCgov/mycosnp-nf": "v1.6.4-oamd.1.0.0"
                }
            },
            [
                "aggregate_outputs",
                "aggregate_outputs/combined_QC_results.csv",
                "combined",
                "combined/filteredgvcfs",
                "combined/filteredgvcfs/combined_genotype_filtered.vcf.gz",
                "combined/filteredgvcfs/combined_genotype_filtered.vcf.gz.tbi",
                "combined/finalfiltered",
                "combined/finalfiltered/finalfiltered.vcf.gz",
                "combined/genotypegvcfs",
                "combined/genotypegvcfs/combined_genotype.vcf.gz",
                "combined/genotypegvcfs/combined_genotype.vcf.gz.tbi",
                "combined/gvcf",
                "combined/gvcf/combined.combined.g.vcf.gz",
                "combined/gvcf_index",
                "combined/gvcf_index/combined.combined.g.vcf.gz.tbi",
                "combined/qc_report",
                "combined/qc_report/qc_report.txt",
                "combined/samtools_coverage",
                "combined/samtools_coverage/test.txt",
                "combined/samtools_coverage/test2.txt",
                "combined/samtools_coverage/test3.txt",
                "combined/samtools_depth",
                "combined/samtools_depth/test.tsv",
                "combined/samtools_depth/test2.tsv",
                "combined/samtools_depth/test3.tsv",
                "combined/samtools_flagstat",
                "combined/samtools_flagstat/test.flagstat",
                "combined/samtools_flagstat/test2.flagstat",
                "combined/samtools_flagstat/test3.flagstat",
                "combined/samtools_idxstats",
                "combined/samtools_idxstats/test.idxstats",
                "combined/samtools_idxstats/test2.idxstats",
                "combined/samtools_idxstats/test3.idxstats",
                "combined/samtools_stats",
                "combined/samtools_stats/test.stats",
                "combined/samtools_stats/test2.stats",
                "combined/samtools_stats/test3.stats",
                "combined/selectedsnps",
                "combined/selectedsnps/combined_genotype_filtered_snps.vcf.gz",
                "combined/selectedsnps/combined_genotype_filtered_snps.vcf.gz.tbi",
                "combined/selectedsnpsfiltered",
                "combined/selectedsnpsfiltered/finalfiltered.vcf.gz.csi",
                "combined/snpdists",
                "combined/snpdists/combined.tsv",
                "combined/snpeff",
                "combined/snpeff/combined.csv",
                "combined/snpeff/combined.genes.txt",
                "combined/snpeff/combined.snpeff.vcf.gz",
                "combined/snpeff/combined.snpeff.vcf.gz.tbi",
                "combined/snpeff/snpEff_summary.html",
                "combined/splitvcf",
                "combined/splitvcf/samplelist.txt",
                "combined/splitvcf/test.vcf.gz",
                "combined/splitvcf/test2.vcf.gz",
                "combined/splitvcf/test3.vcf.gz",
                "combined/vcf-qc-report",
                "combined/vcf-qc-report/vcf-qc-report.txt",
                "combined/vcf-qc-report/vcfqc_passed_samples.txt",
                "combined/vcf-to-fasta",
                "combined/vcf-to-fasta/vcf-to-fasta.fasta",
                "downsample",
                "multiqc",
                "multiqc/multiqc_data",
                "multiqc/multiqc_data/fastqc-status-check-heatmap.txt",
                "multiqc/multiqc_data/fastqc_adapter_content_plot.txt",
                "multiqc/multiqc_data/fastqc_per_base_n_content_plot.txt",
                "multiqc/multiqc_data/fastqc_per_base_sequence_quality_plot.txt",
                "multiqc/multiqc_data/fastqc_per_sequence_gc_content_plot_Counts.txt",
                "multiqc/multiqc_data/fastqc_per_sequence_gc_content_plot_Percentages.txt",
                "multiqc/multiqc_data/fastqc_per_sequence_quality_scores_plot.txt",
                "multiqc/multiqc_data/fastqc_sequence_counts_plot.txt",
                "multiqc/multiqc_data/fastqc_sequence_duplication_levels_plot.txt",
                "multiqc/multiqc_data/fastqc_sequence_length_distribution_plot.txt",
                "multiqc/multiqc_data/llms-full.txt",
                "multiqc/multiqc_data/multiqc.log",
                "multiqc/multiqc_data/multiqc.parquet",
                "multiqc/multiqc_data/multiqc_citations.txt",
                "multiqc/multiqc_data/multiqc_data.json",
                "multiqc/multiqc_data/multiqc_fastqc.txt",
                "multiqc/multiqc_data/multiqc_general_stats.txt",
                "multiqc/multiqc_data/multiqc_samtools_coverage.txt",
                "multiqc/multiqc_data/multiqc_samtools_flagstat.txt",
                "multiqc/multiqc_data/multiqc_samtools_idxstats.txt",
                "multiqc/multiqc_data/multiqc_samtools_stats.txt",
                "multiqc/multiqc_data/multiqc_software_versions.txt",
                "multiqc/multiqc_data/multiqc_sources.txt",
                "multiqc/multiqc_data/samtools-coverage-table.txt",
                "multiqc/multiqc_data/samtools-coverage_BQ.txt",
                "multiqc/multiqc_data/samtools-coverage_Bases.txt",
                "multiqc/multiqc_data/samtools-coverage_Coverage.txt",
                "multiqc/multiqc_data/samtools-coverage_MQ.txt",
                "multiqc/multiqc_data/samtools-coverage_Mean_depth.txt",
                "multiqc/multiqc_data/samtools-coverage_Reads.txt",
                "multiqc/multiqc_data/samtools-flagstat-pct-table.txt",
                "multiqc/multiqc_data/samtools-flagstat-table.txt",
                "multiqc/multiqc_data/samtools-idxstats-mapped-reads-plot_Normalised_Counts.txt",
                "multiqc/multiqc_data/samtools-idxstats-mapped-reads-plot_Observed_over_Expected_Counts.txt",
                "multiqc/multiqc_data/samtools-idxstats-mapped-reads-plot_Raw_Counts.txt",
                "multiqc/multiqc_data/samtools-stats-dp.txt",
                "multiqc/multiqc_data/samtools_alignment_plot.txt",
                "multiqc/multiqc_plots",
                "multiqc/multiqc_plots/pdf",
                "multiqc/multiqc_plots/pdf/fastqc-status-check-heatmap.pdf",
                "multiqc/multiqc_plots/pdf/fastqc_adapter_content_plot.pdf",
                "multiqc/multiqc_plots/pdf/fastqc_per_base_n_content_plot.pdf",
                "multiqc/multiqc_plots/pdf/fastqc_per_base_sequence_quality_plot.pdf",
                "multiqc/multiqc_plots/pdf/fastqc_per_sequence_gc_content_plot_Counts.pdf",
                "multiqc/multiqc_plots/pdf/fastqc_per_sequence_gc_content_plot_Percentages.pdf",
                "multiqc/multiqc_plots/pdf/fastqc_per_sequence_quality_scores_plot.pdf",
                "multiqc/multiqc_plots/pdf/fastqc_sequence_counts_plot-cnt.pdf",
                "multiqc/multiqc_plots/pdf/fastqc_sequence_counts_plot-pct.pdf",
                "multiqc/multiqc_plots/pdf/fastqc_sequence_duplication_levels_plot.pdf",
                "multiqc/multiqc_plots/pdf/fastqc_sequence_length_distribution_plot.pdf",
                "multiqc/multiqc_plots/pdf/samtools-coverage-table.pdf",
                "multiqc/multiqc_plots/pdf/samtools-coverage_BQ-cnt.pdf",
                "multiqc/multiqc_plots/pdf/samtools-coverage_BQ-log.pdf",
                "multiqc/multiqc_plots/pdf/samtools-coverage_Bases-cnt.pdf",
                "multiqc/multiqc_plots/pdf/samtools-coverage_Bases-log.pdf",
                "multiqc/multiqc_plots/pdf/samtools-coverage_Coverage-cnt.pdf",
                "multiqc/multiqc_plots/pdf/samtools-coverage_Coverage-log.pdf",
                "multiqc/multiqc_plots/pdf/samtools-coverage_MQ-cnt.pdf",
                "multiqc/multiqc_plots/pdf/samtools-coverage_MQ-log.pdf",
                "multiqc/multiqc_plots/pdf/samtools-coverage_Mean_depth-cnt.pdf",
                "multiqc/multiqc_plots/pdf/samtools-coverage_Mean_depth-log.pdf",
                "multiqc/multiqc_plots/pdf/samtools-coverage_Reads-cnt.pdf",
                "multiqc/multiqc_plots/pdf/samtools-coverage_Reads-log.pdf",
                "multiqc/multiqc_plots/pdf/samtools-flagstat-pct-table.pdf",
                "multiqc/multiqc_plots/pdf/samtools-flagstat-table.pdf",
                "multiqc/multiqc_plots/pdf/samtools-idxstats-mapped-reads-plot_Normalised_Counts-cnt.pdf",
                "multiqc/multiqc_plots/pdf/samtools-idxstats-mapped-reads-plot_Normalised_Counts-log.pdf",
                "multiqc/multiqc_plots/pdf/samtools-idxstats-mapped-reads-plot_Observed_over_Expected_Counts-cnt.pdf",
                "multiqc/multiqc_plots/pdf/samtools-idxstats-mapped-reads-plot_Observed_over_Expected_Counts-log.pdf",
                "multiqc/multiqc_plots/pdf/samtools-idxstats-mapped-reads-plot_Raw_Counts-cnt.pdf",
                "multiqc/multiqc_plots/pdf/samtools-idxstats-mapped-reads-plot_Raw_Counts-log.pdf",
                "multiqc/multiqc_plots/pdf/samtools-stats-dp.pdf",
                "multiqc/multiqc_plots/pdf/samtools_alignment_plot-cnt.pdf",
                "multiqc/multiqc_plots/pdf/samtools_alignment_plot-pct.pdf",
                "multiqc/multiqc_plots/png",
                "multiqc/multiqc_plots/png/fastqc-status-check-heatmap.png",
                "multiqc/multiqc_plots/png/fastqc_adapter_content_plot.png",
                "multiqc/multiqc_plots/png/fastqc_per_base_n_content_plot.png",
                "multiqc/multiqc_plots/png/fastqc_per_base_sequence_quality_plot.png",
                "multiqc/multiqc_plots/png/fastqc_per_sequence_gc_content_plot_Counts.png",
                "multiqc/multiqc_plots/png/fastqc_per_sequence_gc_content_plot_Percentages.png",
                "multiqc/multiqc_plots/png/fastqc_per_sequence_quality_scores_plot.png",
                "multiqc/multiqc_plots/png/fastqc_sequence_counts_plot-cnt.png",
                "multiqc/multiqc_plots/png/fastqc_sequence_counts_plot-pct.png",
                "multiqc/multiqc_plots/png/fastqc_sequence_duplication_levels_plot.png",
                "multiqc/multiqc_plots/png/fastqc_sequence_length_distribution_plot.png",
                "multiqc/multiqc_plots/png/samtools-coverage-table.png",
                "multiqc/multiqc_plots/png/samtools-coverage_BQ-cnt.png",
                "multiqc/multiqc_plots/png/samtools-coverage_BQ-log.png",
                "multiqc/multiqc_plots/png/samtools-coverage_Bases-cnt.png",
                "multiqc/multiqc_plots/png/samtools-coverage_Bases-log.png",
                "multiqc/multiqc_plots/png/samtools-coverage_Coverage-cnt.png",
                "multiqc/multiqc_plots/png/samtools-coverage_Coverage-log.png",
                "multiqc/multiqc_plots/png/samtools-coverage_MQ-cnt.png",
                "multiqc/multiqc_plots/png/samtools-coverage_MQ-log.png",
                "multiqc/multiqc_plots/png/samtools-coverage_Mean_depth-cnt.png",
                "multiqc/multiqc_plots/png/samtools-coverage_Mean_depth-log.png",
                "multiqc/multiqc_plots/png/samtools-coverage_Reads-cnt.png",
                "multiqc/multiqc_plots/png/samtools-coverage_Reads-log.png",
                "multiqc/multiqc_plots/png/samtools-flagstat-pct-table.png",
                "multiqc/multiqc_plots/png/samtools-flagstat-table.png",
                "multiqc/multiqc_plots/png/samtools-idxstats-mapped-reads-plot_Normalised_Counts-cnt.png",
                "multiqc/multiqc_plots/png/samtools-idxstats-mapped-reads-plot_Normalised_Counts-log.png",
                "multiqc/multiqc_plots/png/samtools-idxstats-mapped-reads-plot_Observed_over_Expected_Counts-cnt.png",
                "multiqc/multiqc_plots/png/samtools-idxstats-mapped-reads-plot_Observed_over_Expected_Counts-log.png",
                "multiqc/multiqc_plots/png/samtools-idxstats-mapped-reads-plot_Raw_Counts-cnt.png",
                "multiqc/multiqc_plots/png/samtools-idxstats-mapped-reads-plot_Raw_Counts-log.png",
                "multiqc/multiqc_plots/png/samtools-stats-dp.png",
                "multiqc/multiqc_plots/png/samtools_alignment_plot-cnt.png",
                "multiqc/multiqc_plots/png/samtools_alignment_plot-pct.png",
                "multiqc/multiqc_plots/svg",
                "multiqc/multiqc_plots/svg/fastqc-status-check-heatmap.svg",
                "multiqc/multiqc_plots/svg/fastqc_adapter_content_plot.svg",
                "multiqc/multiqc_plots/svg/fastqc_per_base_n_content_plot.svg",
                "multiqc/multiqc_plots/svg/fastqc_per_base_sequence_quality_plot.svg",
                "multiqc/multiqc_plots/svg/fastqc_per_sequence_gc_content_plot_Counts.svg",
                "multiqc/multiqc_plots/svg/fastqc_per_sequence_gc_content_plot_Percentages.svg",
                "multiqc/multiqc_plots/svg/fastqc_per_sequence_quality_scores_plot.svg",
                "multiqc/multiqc_plots/svg/fastqc_sequence_counts_plot-cnt.svg",
                "multiqc/multiqc_plots/svg/fastqc_sequence_counts_plot-pct.svg",
                "multiqc/multiqc_plots/svg/fastqc_sequence_duplication_levels_plot.svg",
                "multiqc/multiqc_plots/svg/fastqc_sequence_length_distribution_plot.svg",
                "multiqc/multiqc_plots/svg/samtools-coverage-table.svg",
                "multiqc/multiqc_plots/svg/samtools-coverage_BQ-cnt.svg",
                "multiqc/multiqc_plots/svg/samtools-coverage_BQ-log.svg",
                "multiqc/multiqc_plots/svg/samtools-coverage_Bases-cnt.svg",
                "multiqc/multiqc_plots/svg/samtools-coverage_Bases-log.svg",
                "multiqc/multiqc_plots/svg/samtools-coverage_Coverage-cnt.svg",
                "multiqc/multiqc_plots/svg/samtools-coverage_Coverage-log.svg",
                "multiqc/multiqc_plots/svg/samtools-coverage_MQ-cnt.svg",
                "multiqc/multiqc_plots/svg/samtools-coverage_MQ-log.svg",
                "multiqc/multiqc_plots/svg/samtools-coverage_Mean_depth-cnt.svg",
                "multiqc/multiqc_plots/svg/samtools-coverage_Mean_depth-log.svg",
                "multiqc/multiqc_plots/svg/samtools-coverage_Reads-cnt.svg",
                "multiqc/multiqc_plots/svg/samtools-coverage_Reads-log.svg",
                "multiqc/multiqc_plots/svg/samtools-flagstat-pct-table.svg",
                "multiqc/multiqc_plots/svg/samtools-flagstat-table.svg",
                "multiqc/multiqc_plots/svg/samtools-idxstats-mapped-reads-plot_Normalised_Counts-cnt.svg",
                "multiqc/multiqc_plots/svg/samtools-idxstats-mapped-reads-plot_Normalised_Counts-log.svg",
                "multiqc/multiqc_plots/svg/samtools-idxstats-mapped-reads-plot_Observed_over_Expected_Counts-cnt.svg",
                "multiqc/multiqc_plots/svg/samtools-idxstats-mapped-reads-plot_Observed_over_Expected_Counts-log.svg",
                "multiqc/multiqc_plots/svg/samtools-idxstats-mapped-reads-plot_Raw_Counts-cnt.svg",
                "multiqc/multiqc_plots/svg/samtools-idxstats-mapped-reads-plot_Raw_Counts-log.svg",
                "multiqc/multiqc_plots/svg/samtools-stats-dp.svg",
                "multiqc/multiqc_plots/svg/samtools_alignment_plot-cnt.svg",
                "multiqc/multiqc_plots/svg/samtools_alignment_plot-pct.svg",
                "multiqc/multiqc_report.html",
                "pipeline_info",
                "pipeline_info/mycosnp_software_versions.yml",
                "samples",
                "samples/test",
                "samples/test/faqcs",
                "samples/test/faqcs/test.log",
                "samples/test/faqcs/test.stats.txt",
                "samples/test/faqcs/test.trimmed.unpaired.fastq.gz",
                "samples/test/faqcs/test_1.trimmed.fastq.gz",
                "samples/test/faqcs/test_2.trimmed.fastq.gz",
                "samples/test/fastqc_post",
                "samples/test/fastqc_post/test_1_fastqc.html",
                "samples/test/fastqc_post/test_1_fastqc.zip",
                "samples/test/fastqc_post/test_2_fastqc.html",
                "samples/test/fastqc_post/test_2_fastqc.zip",
                "samples/test/fastqc_raw",
                "samples/test/fastqc_raw/test.raw_1_fastqc.html",
                "samples/test/fastqc_raw/test.raw_1_fastqc.zip",
                "samples/test/fastqc_raw/test.raw_2_fastqc.html",
                "samples/test/fastqc_raw/test.raw_2_fastqc.zip",
                "samples/test/finalbam",
                "samples/test/finalbam/test.final.bam",
                "samples/test/qc_report",
                "samples/test/qc_report/test_output.txt",
                "samples/test/variant_calling",
                "samples/test/variant_calling/haplotypecaller",
                "samples/test/variant_calling/haplotypecaller/test.g.vcf.gz",
                "samples/test/variant_calling/haplotypecaller/test.g.vcf.gz.tbi",
                "samples/test2",
                "samples/test2/faqcs",
                "samples/test2/faqcs/test2.log",
                "samples/test2/faqcs/test2.stats.txt",
                "samples/test2/faqcs/test2.trimmed.unpaired.fastq.gz",
                "samples/test2/faqcs/test2_1.trimmed.fastq.gz",
                "samples/test2/faqcs/test2_2.trimmed.fastq.gz",
                "samples/test2/fastqc_post",
                "samples/test2/fastqc_post/test2_1_fastqc.html",
                "samples/test2/fastqc_post/test2_1_fastqc.zip",
                "samples/test2/fastqc_post/test2_2_fastqc.html",
                "samples/test2/fastqc_post/test2_2_fastqc.zip",
                "samples/test2/fastqc_raw",
                "samples/test2/fastqc_raw/test2.raw_1_fastqc.html",
                "samples/test2/fastqc_raw/test2.raw_1_fastqc.zip",
                "samples/test2/fastqc_raw/test2.raw_2_fastqc.html",
                "samples/test2/fastqc_raw/test2.raw_2_fastqc.zip",
                "samples/test2/finalbam",
                "samples/test2/finalbam/test2.final.bam",
                "samples/test2/qc_report",
                "samples/test2/qc_report/test2_output.txt",
                "samples/test2/variant_calling",
                "samples/test2/variant_calling/haplotypecaller",
                "samples/test2/variant_calling/haplotypecaller/test2.g.vcf.gz",
                "samples/test2/variant_calling/haplotypecaller/test2.g.vcf.gz.tbi",
                "samples/test3",
                "samples/test3/faqcs",
                "samples/test3/faqcs/test3.log",
                "samples/test3/faqcs/test3.stats.txt",
                "samples/test3/faqcs/test3.trimmed.unpaired.fastq.gz",
                "samples/test3/faqcs/test3_1.trimmed.fastq.gz",
                "samples/test3/faqcs/test3_2.trimmed.fastq.gz",
                "samples/test3/fastqc_post",
                "samples/test3/fastqc_post/test3_1_fastqc.html",
                "samples/test3/fastqc_post/test3_1_fastqc.zip",
                "samples/test3/fastqc_post/test3_2_fastqc.html",
                "samples/test3/fastqc_post/test3_2_fastqc.zip",
                "samples/test3/fastqc_raw",
                "samples/test3/fastqc_raw/test3.raw_1_fastqc.html",
                "samples/test3/fastqc_raw/test3.raw_1_fastqc.zip",
                "samples/test3/fastqc_raw/test3.raw_2_fastqc.html",
                "samples/test3/fastqc_raw/test3.raw_2_fastqc.zip",
                "samples/test3/finalbam",
                "samples/test3/finalbam/test3.final.bam",
                "samples/test3/qc_report",
                "samples/test3/qc_report/test3_output.txt",
                "samples/test3/variant_calling",
                "samples/test3/variant_calling/haplotypecaller",
                "samples/test3/variant_calling/haplotypecaller/test3.g.vcf.gz",
                "samples/test3/variant_calling/haplotypecaller/test3.g.vcf.gz.tbi"
            ],
            [
                "combined_QC_results.csv:md5,b63ca17e05c4b6d4c6dc67b3b3599650",
                "qc_report.txt:md5,97ce09dcf366dce0a1f9e02f956acdcb",
                "test.txt:md5,9dc73722d2d18b21603efb48eeddea11",
                "test2.txt:md5,b192bb32a0729d4943b9829b357358fd",
                "test3.txt:md5,46ee28d48a7f10d6f60d7ff308a02c21",
                "test.tsv:md5,8cb0cd2c23a7b9626cc75a71853cec5a",
                "test2.tsv:md5,ef18c6b31ddf4666ed9fc409a829375e",
                "test3.tsv:md5,c1e09838cc561fac7022e67bc1c8290c",
                "test.flagstat:md5,7eb3a2466e557b6ea9613e832400f6fa",
                "test2.flagstat:md5,be5d4112346a6500853ea507dfea9db0",
                "test3.flagstat:md5,a938e3a1d79e9a6660c666bacd9d78be",
                "test.idxstats:md5,fbe69304e34f7a84ee3ab1559beb43fd",
                "test2.idxstats:md5,53ba9081bc05eab5df973fcbabe41b74",
                "test3.idxstats:md5,fba07fb7c122c8491d7d39d6b453dbf7",
                "test.stats:md5,816949c6cea6ab11506f05b74dd9ee58",
                "test2.stats:md5,1c3a9b3343e6d331528cbd774e77e25f",
                "test3.stats:md5,ec0b6c3097fdf2be4e0e42ffc117e237",
                "combined.tsv:md5,6a2989df92ff0f3d3506eb2d17910c2b",
                "combined.genes.txt:md5,130536bf0237d7f3f746d32aaa32840a",
                "samplelist.txt:md5,81f4c5b9205a18c4c47307d189846e3b",
                "vcf-qc-report.txt:md5,1e48398605cc21f71532fd041bab9a09",
                "vcfqc_passed_samples.txt:md5,d41d8cd98f00b204e9800998ecf8427e",
                "vcf-to-fasta.fasta:md5,50eec7491f027cdaf21e9c6232a1f467",
                "fastqc-status-check-heatmap.txt:md5,6d6c12eb51b476f8aadc3129cbabb53c",
                "fastqc_adapter_content_plot.txt:md5,7ce36abcf19187c20f736c38e568509d",
                "fastqc_per_base_n_content_plot.txt:md5,93898875556d01276f7f4ecd18fef07a",
                "fastqc_per_base_sequence_quality_plot.txt:md5,9d7b2e82f7101f893a820eb6e4d8d412",
                "fastqc_per_sequence_gc_content_plot_Counts.txt:md5,6d6190414ef3d453772bbce24135a04a",
                "fastqc_per_sequence_gc_content_plot_Percentages.txt:md5,eb1781dcdef75e8970b15f7436517126",
                "fastqc_per_sequence_quality_scores_plot.txt:md5,fd36626314e7894a21f30266f2d7ca6d",
                "fastqc_sequence_counts_plot.txt:md5,f6e083b4c08b9f77c8dce7961db71614",
                "fastqc_sequence_duplication_levels_plot.txt:md5,6c55a41a3f33cba335b05c64e0c6f32e",
                "fastqc_sequence_length_distribution_plot.txt:md5,7a42d05576d2699bb9626ea80939c18c",
                "multiqc_citations.txt:md5,ee1baba4adea57b43a9ae59ce7e1dd7f",
                "multiqc_general_stats.txt:md5,92e3a8d7a4f9d77a0c6cffc604131271",
                "multiqc_samtools_coverage.txt:md5,0624dd8b6ebed336c0388b3ed77185b5",
                "multiqc_samtools_flagstat.txt:md5,6a50e0ba18fed6a309a6d85e01ee7332",
                "multiqc_samtools_idxstats.txt:md5,0f227998146c4dd0bb7460b096685424",
                "multiqc_samtools_stats.txt:md5,892e7c61a98188d6749621a34095c2d9",
                "samtools-coverage-table.txt:md5,b6c40c201160a17d0944cf7145dad1a0",
                "samtools-coverage_BQ.txt:md5,9aced4dc14529e64db57f0a703b2606f",
                "samtools-coverage_Bases.txt:md5,6cee10264c1f4abf5d037127fbb16360",
                "samtools-coverage_Coverage.txt:md5,102b2c0ed584c4151f58265aa68ca85d",
                "samtools-coverage_MQ.txt:md5,066ccc63815f45cb1b2a00d05ef0a949",
                "samtools-coverage_Mean_depth.txt:md5,304c4684c436dbb5904f36a284242f97",
                "samtools-coverage_Reads.txt:md5,8ccabc42ff190ea13d18b7c4c157b18a",
                "samtools-flagstat-pct-table.txt:md5,dac0fff02567d46c136632f51b02d58c",
                "samtools-flagstat-table.txt:md5,bf7bd72fcc6e6f41c32d265723c55b4a",
                "samtools-idxstats-mapped-reads-plot_Normalised_Counts.txt:md5,cfb1a7d1cb077a4538c8052ccdcbc8e2",
                "samtools-idxstats-mapped-reads-plot_Observed_over_Expected_Counts.txt:md5,18ac96270d66bbe99a84fdf9f1136941",
                "samtools-idxstats-mapped-reads-plot_Raw_Counts.txt:md5,14e305a0d87bdac35dae2bd96b135fcf",
                "samtools-stats-dp.txt:md5,dc81ff06c23e6efdf87278d0bdd7c5e5",
                "samtools_alignment_plot.txt:md5,1b6ce8c709ba3c5e7d7b9bd6d2617534",
                "test.log:md5,e2e965323c97bdacf00004955536b31d",
                "test.stats.txt:md5,33f7fdeaaa24a33c8ee10df8924d7878",
                "test.trimmed.unpaired.fastq.gz:md5,b2a058cc61cdfddb6673378e6313a9c3",
                "test_1.trimmed.fastq.gz:md5,6d273d44a03658a9d0469e9cb49005eb",
                "test_2.trimmed.fastq.gz:md5,62fafead482855f5a97aff6540b901d6",
                "test.final.bam:md5,68933ad814240dbb46ce5c71df142fe4",
                "test_output.txt:md5,396d3c8d47b17fc42f89160405871ee8",
                "test2.log:md5,e2e965323c97bdacf00004955536b31d",
                "test2.stats.txt:md5,70eeab6cec56debd81077cdb1d1cffc5",
                "test2.trimmed.unpaired.fastq.gz:md5,c0154506f305eb6e741cf1c506430624",
                "test2_1.trimmed.fastq.gz:md5,2599236b386ec7601dc067bee8205d37",
                "test2_2.trimmed.fastq.gz:md5,328e7a54e95d32af4b147e8b5b590e94",
                "test2.final.bam:md5,4d42c15c618eec03331817de7ee0421e",
                "test2_output.txt:md5,5cd66422df9f7bc49436d8201eadcec9",
                "test3.log:md5,e2e965323c97bdacf00004955536b31d",
                "test3.stats.txt:md5,5d891a9e684f781f2a3e561f78e54e04",
                "test3.trimmed.unpaired.fastq.gz:md5,967f6c3c4324b8f90ee2eabceb038348",
                "test3_1.trimmed.fastq.gz:md5,566c84e59721f7393ad492328b257980",
                "test3_2.trimmed.fastq.gz:md5,b6ca4cce544d6916853f275029482a19",
                "test3.final.bam:md5,c9181e50e43a95ab477fdc998ce1c102",
                "test3_output.txt:md5,6cdff4c04a25daad828a9f3106f284cf"
            ]
        ],
        "meta": {
            "nf-test": "0.9.3",
            "nextflow": "25.04.6"
        },
        "timestamp": "2026-01-29T14:06:06.4646734"
    }
}