{
    "-profile test": {
        "content": [
            73,
            {
                "BCFTOOLS_INDEX": {
                    "bcftools": 1.14
                },
                "BCFTOOLS_VIEW_CONVERT": {
                    "bcftools": 1.14
                },
                "BWA_MEM": {
                    "bwa": "0.7.19-r1273",
                    "samtools": 1.21
                },
                "DOWNSAMPLE_RATE": {
                    "python": "3.12.3"
                },
                "FAQCS": {
                    "faqcs": 2.1
                },
                "FASTQC_POST": {
                    "fastqc": "0.11.9"
                },
                "FASTQC_RAW": {
                    "fastqc": "0.11.9"
                },
                "FILTER_GATK_GENOTYPES": {
                    "python": "3.12.3"
                },
                "GATK4_GENOTYPEGVCFS": {
                    "gatk4": "4.2.4.0"
                },
                "GATK4_HAPLOTYPECALLER": {
                    "gatk4": "4.2.4.0"
                },
                "GATK4_LOCALCOMBINEGVCFS": {
                    "gatk4": "4.2.4.0"
                },
                "GATK4_SELECTVARIANTS": {
                    "gatk4": "4.2.4.0"
                },
                "GATK4_VARIANTFILTRATION": {
                    "gatk4": "4.2.4.0"
                },
                "PICARD_ADDORREPLACEREADGROUPS": {
                    "picard": "2.26.10"
                },
                "PICARD_CLEANSAM": {
                    "picard": "2.26.10"
                },
                "PICARD_FIXMATEINFORMATION": {
                    "picard": "2.26.10"
                },
                "PICARD_MARKDUPLICATES": {
                    "picard": "2.26.10"
                },
                "QC_PARSER": {
                    "python": "3.12.3"
                },
                "QC_REPORT": {
                    "python": "3.12.3"
                },
                "QUALIMAP_BAMQC": {
                    "qualimap": 2.3
                },
                "SAMTOOLS_FLAGSTAT": {
                    "samtools": 1.21
                },
                "SAMTOOLS_IDXSTATS": {
                    "samtools": 1.21
                },
                "SAMTOOLS_INDEX": {
                    "samtools": 1.21
                },
                "SAMTOOLS_STATS": {
                    "samtools": 1.21
                },
                "SEQKIT_PAIR": {
                    "seqkit": "2.1.0"
                },
                "SEQKIT_REPLACE": {
                    "seqkit": "2.1.0"
                },
                "SEQTK_SAMPLE": {
                    "seqtk": "1.3-r106"
                },
                "SNPDISTS": {
                    "snpdists": "0.8.2"
                },
                "SNPEFFR": null,
                "snpeffr": null,
                "SNPEFF_ANN": {
                    "snpeff": "4.3t"
                },
                "SPLIT_VCF": {
                    "bcftools": 1.14
                },
                "TABIX_BGZIPTABIX": {
                    "tabix": 1.21
                },
                "VCF_CONSENSUS": {
                    "bcftools": 1.14
                },
                "VCF_QC": {
                    "awk": "mawk 1.3.4 20240123"
                },
                "VCF_TO_FASTA": {
                    "python": "3.12.3"
                },
                "Workflow": {
                    "CDCgov/mycosnp-nf": "v1.6.4"
                }
            },
            [
                "aggregate_outputs",
                "aggregate_outputs/combined_cauris_refB11205_fks1.csv",
                "combined",
                "combined/filteredgvcfs",
                "combined/filteredgvcfs/combined_genotype_filtered.vcf.gz",
                "combined/filteredgvcfs/combined_genotype_filtered.vcf.gz.tbi",
                "combined/finalfiltered",
                "combined/finalfiltered/finalfiltered.vcf.gz",
                "combined/genotypegvcfs",
                "combined/genotypegvcfs/combined_genotype.vcf.gz",
                "combined/genotypegvcfs/combined_genotype.vcf.gz.tbi",
                "combined/gvcf",
                "combined/gvcf/combined.combined.g.vcf.gz",
                "combined/gvcf/combined.combined.g.vcf.gz.tbi",
                "combined/qc_report",
                "combined/qc_report/qc_report.txt",
                "combined/qualimap",
                "combined/qualimap/ERR2172265",
                "combined/qualimap/ERR2172265/css",
                "combined/qualimap/ERR2172265/css/agogo.css",
                "combined/qualimap/ERR2172265/css/ajax-loader.gif",
                "combined/qualimap/ERR2172265/css/basic.css",
                "combined/qualimap/ERR2172265/css/bgfooter.png",
                "combined/qualimap/ERR2172265/css/bgtop.png",
                "combined/qualimap/ERR2172265/css/comment-bright.png",
                "combined/qualimap/ERR2172265/css/comment-close.png",
                "combined/qualimap/ERR2172265/css/comment.png",
                "combined/qualimap/ERR2172265/css/doctools.js",
                "combined/qualimap/ERR2172265/css/down-pressed.png",
                "combined/qualimap/ERR2172265/css/down.png",
                "combined/qualimap/ERR2172265/css/file.png",
                "combined/qualimap/ERR2172265/css/jquery.js",
                "combined/qualimap/ERR2172265/css/minus.png",
                "combined/qualimap/ERR2172265/css/plus.png",
                "combined/qualimap/ERR2172265/css/pygments.css",
                "combined/qualimap/ERR2172265/css/qualimap_logo_small.png",
                "combined/qualimap/ERR2172265/css/report.css",
                "combined/qualimap/ERR2172265/css/searchtools.js",
                "combined/qualimap/ERR2172265/css/underscore.js",
                "combined/qualimap/ERR2172265/css/up-pressed.png",
                "combined/qualimap/ERR2172265/css/up.png",
                "combined/qualimap/ERR2172265/css/websupport.js",
                "combined/qualimap/ERR2172265/genome_results.txt",
                "combined/qualimap/ERR2172265/images_qualimapReport",
                "combined/qualimap/ERR2172265/images_qualimapReport/genome_coverage_0to50_histogram.png",
                "combined/qualimap/ERR2172265/images_qualimapReport/genome_coverage_across_reference.png",
                "combined/qualimap/ERR2172265/images_qualimapReport/genome_coverage_histogram.png",
                "combined/qualimap/ERR2172265/images_qualimapReport/genome_coverage_quotes.png",
                "combined/qualimap/ERR2172265/images_qualimapReport/genome_gc_content_per_window.png",
                "combined/qualimap/ERR2172265/images_qualimapReport/genome_insert_size_across_reference.png",
                "combined/qualimap/ERR2172265/images_qualimapReport/genome_insert_size_histogram.png",
                "combined/qualimap/ERR2172265/images_qualimapReport/genome_mapping_quality_across_reference.png",
                "combined/qualimap/ERR2172265/images_qualimapReport/genome_mapping_quality_histogram.png",
                "combined/qualimap/ERR2172265/images_qualimapReport/genome_reads_clipping_profile.png",
                "combined/qualimap/ERR2172265/images_qualimapReport/genome_reads_content_per_read_position.png",
                "combined/qualimap/ERR2172265/images_qualimapReport/genome_uniq_read_starts_histogram.png",
                "combined/qualimap/ERR2172265/qualimapReport.html",
                "combined/qualimap/ERR2172265/raw_data_qualimapReport",
                "combined/qualimap/ERR2172265/raw_data_qualimapReport/coverage_across_reference.txt",
                "combined/qualimap/ERR2172265/raw_data_qualimapReport/coverage_histogram.txt",
                "combined/qualimap/ERR2172265/raw_data_qualimapReport/duplication_rate_histogram.txt",
                "combined/qualimap/ERR2172265/raw_data_qualimapReport/genome_fraction_coverage.txt",
                "combined/qualimap/ERR2172265/raw_data_qualimapReport/insert_size_across_reference.txt",
                "combined/qualimap/ERR2172265/raw_data_qualimapReport/insert_size_histogram.txt",
                "combined/qualimap/ERR2172265/raw_data_qualimapReport/mapped_reads_clipping_profile.txt",
                "combined/qualimap/ERR2172265/raw_data_qualimapReport/mapped_reads_gc-content_distribution.txt",
                "combined/qualimap/ERR2172265/raw_data_qualimapReport/mapped_reads_nucleotide_content.txt",
                "combined/qualimap/ERR2172265/raw_data_qualimapReport/mapping_quality_across_reference.txt",
                "combined/qualimap/ERR2172265/raw_data_qualimapReport/mapping_quality_histogram.txt",
                "combined/qualimap/ERR2172266",
                "combined/qualimap/ERR2172266/css",
                "combined/qualimap/ERR2172266/css/agogo.css",
                "combined/qualimap/ERR2172266/css/ajax-loader.gif",
                "combined/qualimap/ERR2172266/css/basic.css",
                "combined/qualimap/ERR2172266/css/bgfooter.png",
                "combined/qualimap/ERR2172266/css/bgtop.png",
                "combined/qualimap/ERR2172266/css/comment-bright.png",
                "combined/qualimap/ERR2172266/css/comment-close.png",
                "combined/qualimap/ERR2172266/css/comment.png",
                "combined/qualimap/ERR2172266/css/doctools.js",
                "combined/qualimap/ERR2172266/css/down-pressed.png",
                "combined/qualimap/ERR2172266/css/down.png",
                "combined/qualimap/ERR2172266/css/file.png",
                "combined/qualimap/ERR2172266/css/jquery.js",
                "combined/qualimap/ERR2172266/css/minus.png",
                "combined/qualimap/ERR2172266/css/plus.png",
                "combined/qualimap/ERR2172266/css/pygments.css",
                "combined/qualimap/ERR2172266/css/qualimap_logo_small.png",
                "combined/qualimap/ERR2172266/css/report.css",
                "combined/qualimap/ERR2172266/css/searchtools.js",
                "combined/qualimap/ERR2172266/css/underscore.js",
                "combined/qualimap/ERR2172266/css/up-pressed.png",
                "combined/qualimap/ERR2172266/css/up.png",
                "combined/qualimap/ERR2172266/css/websupport.js",
                "combined/qualimap/ERR2172266/genome_results.txt",
                "combined/qualimap/ERR2172266/images_qualimapReport",
                "combined/qualimap/ERR2172266/images_qualimapReport/genome_coverage_0to50_histogram.png",
                "combined/qualimap/ERR2172266/images_qualimapReport/genome_coverage_across_reference.png",
                "combined/qualimap/ERR2172266/images_qualimapReport/genome_coverage_histogram.png",
                "combined/qualimap/ERR2172266/images_qualimapReport/genome_coverage_quotes.png",
                "combined/qualimap/ERR2172266/images_qualimapReport/genome_gc_content_per_window.png",
                "combined/qualimap/ERR2172266/images_qualimapReport/genome_insert_size_across_reference.png",
                "combined/qualimap/ERR2172266/images_qualimapReport/genome_insert_size_histogram.png",
                "combined/qualimap/ERR2172266/images_qualimapReport/genome_mapping_quality_across_reference.png",
                "combined/qualimap/ERR2172266/images_qualimapReport/genome_mapping_quality_histogram.png",
                "combined/qualimap/ERR2172266/images_qualimapReport/genome_reads_clipping_profile.png",
                "combined/qualimap/ERR2172266/images_qualimapReport/genome_reads_content_per_read_position.png",
                "combined/qualimap/ERR2172266/images_qualimapReport/genome_uniq_read_starts_histogram.png",
                "combined/qualimap/ERR2172266/qualimapReport.html",
                "combined/qualimap/ERR2172266/raw_data_qualimapReport",
                "combined/qualimap/ERR2172266/raw_data_qualimapReport/coverage_across_reference.txt",
                "combined/qualimap/ERR2172266/raw_data_qualimapReport/coverage_histogram.txt",
                "combined/qualimap/ERR2172266/raw_data_qualimapReport/duplication_rate_histogram.txt",
                "combined/qualimap/ERR2172266/raw_data_qualimapReport/genome_fraction_coverage.txt",
                "combined/qualimap/ERR2172266/raw_data_qualimapReport/insert_size_across_reference.txt",
                "combined/qualimap/ERR2172266/raw_data_qualimapReport/insert_size_histogram.txt",
                "combined/qualimap/ERR2172266/raw_data_qualimapReport/mapped_reads_clipping_profile.txt",
                "combined/qualimap/ERR2172266/raw_data_qualimapReport/mapped_reads_gc-content_distribution.txt",
                "combined/qualimap/ERR2172266/raw_data_qualimapReport/mapped_reads_nucleotide_content.txt",
                "combined/qualimap/ERR2172266/raw_data_qualimapReport/mapping_quality_across_reference.txt",
                "combined/qualimap/ERR2172266/raw_data_qualimapReport/mapping_quality_histogram.txt",
                "combined/qualimap/ERR2172267",
                "combined/qualimap/ERR2172267/css",
                "combined/qualimap/ERR2172267/css/agogo.css",
                "combined/qualimap/ERR2172267/css/ajax-loader.gif",
                "combined/qualimap/ERR2172267/css/basic.css",
                "combined/qualimap/ERR2172267/css/bgfooter.png",
                "combined/qualimap/ERR2172267/css/bgtop.png",
                "combined/qualimap/ERR2172267/css/comment-bright.png",
                "combined/qualimap/ERR2172267/css/comment-close.png",
                "combined/qualimap/ERR2172267/css/comment.png",
                "combined/qualimap/ERR2172267/css/doctools.js",
                "combined/qualimap/ERR2172267/css/down-pressed.png",
                "combined/qualimap/ERR2172267/css/down.png",
                "combined/qualimap/ERR2172267/css/file.png",
                "combined/qualimap/ERR2172267/css/jquery.js",
                "combined/qualimap/ERR2172267/css/minus.png",
                "combined/qualimap/ERR2172267/css/plus.png",
                "combined/qualimap/ERR2172267/css/pygments.css",
                "combined/qualimap/ERR2172267/css/qualimap_logo_small.png",
                "combined/qualimap/ERR2172267/css/report.css",
                "combined/qualimap/ERR2172267/css/searchtools.js",
                "combined/qualimap/ERR2172267/css/underscore.js",
                "combined/qualimap/ERR2172267/css/up-pressed.png",
                "combined/qualimap/ERR2172267/css/up.png",
                "combined/qualimap/ERR2172267/css/websupport.js",
                "combined/qualimap/ERR2172267/genome_results.txt",
                "combined/qualimap/ERR2172267/images_qualimapReport",
                "combined/qualimap/ERR2172267/images_qualimapReport/genome_coverage_0to50_histogram.png",
                "combined/qualimap/ERR2172267/images_qualimapReport/genome_coverage_across_reference.png",
                "combined/qualimap/ERR2172267/images_qualimapReport/genome_coverage_histogram.png",
                "combined/qualimap/ERR2172267/images_qualimapReport/genome_coverage_quotes.png",
                "combined/qualimap/ERR2172267/images_qualimapReport/genome_gc_content_per_window.png",
                "combined/qualimap/ERR2172267/images_qualimapReport/genome_insert_size_across_reference.png",
                "combined/qualimap/ERR2172267/images_qualimapReport/genome_insert_size_histogram.png",
                "combined/qualimap/ERR2172267/images_qualimapReport/genome_mapping_quality_across_reference.png",
                "combined/qualimap/ERR2172267/images_qualimapReport/genome_mapping_quality_histogram.png",
                "combined/qualimap/ERR2172267/images_qualimapReport/genome_reads_clipping_profile.png",
                "combined/qualimap/ERR2172267/images_qualimapReport/genome_reads_content_per_read_position.png",
                "combined/qualimap/ERR2172267/images_qualimapReport/genome_uniq_read_starts_histogram.png",
                "combined/qualimap/ERR2172267/qualimapReport.html",
                "combined/qualimap/ERR2172267/raw_data_qualimapReport",
                "combined/qualimap/ERR2172267/raw_data_qualimapReport/coverage_across_reference.txt",
                "combined/qualimap/ERR2172267/raw_data_qualimapReport/coverage_histogram.txt",
                "combined/qualimap/ERR2172267/raw_data_qualimapReport/duplication_rate_histogram.txt",
                "combined/qualimap/ERR2172267/raw_data_qualimapReport/genome_fraction_coverage.txt",
                "combined/qualimap/ERR2172267/raw_data_qualimapReport/insert_size_across_reference.txt",
                "combined/qualimap/ERR2172267/raw_data_qualimapReport/insert_size_histogram.txt",
                "combined/qualimap/ERR2172267/raw_data_qualimapReport/mapped_reads_clipping_profile.txt",
                "combined/qualimap/ERR2172267/raw_data_qualimapReport/mapped_reads_gc-content_distribution.txt",
                "combined/qualimap/ERR2172267/raw_data_qualimapReport/mapped_reads_nucleotide_content.txt",
                "combined/qualimap/ERR2172267/raw_data_qualimapReport/mapping_quality_across_reference.txt",
                "combined/qualimap/ERR2172267/raw_data_qualimapReport/mapping_quality_histogram.txt",
                "combined/samtools_flagstat",
                "combined/samtools_flagstat/ERR2172265.flagstat",
                "combined/samtools_flagstat/ERR2172266.flagstat",
                "combined/samtools_flagstat/ERR2172267.flagstat",
                "combined/samtools_idxstats",
                "combined/samtools_idxstats/ERR2172265.idxstats",
                "combined/samtools_idxstats/ERR2172266.idxstats",
                "combined/samtools_idxstats/ERR2172267.idxstats",
                "combined/samtools_stats",
                "combined/samtools_stats/ERR2172265.stats",
                "combined/samtools_stats/ERR2172266.stats",
                "combined/samtools_stats/ERR2172267.stats",
                "combined/selectedsnps",
                "combined/selectedsnps/combined_genotype_filtered_snps.vcf.gz",
                "combined/selectedsnps/combined_genotype_filtered_snps.vcf.gz.tbi",
                "combined/selectedsnpsfiltered",
                "combined/selectedsnpsfiltered/finalfiltered.vcf.gz.csi",
                "combined/snpdists",
                "combined/snpdists/combined.tsv",
                "combined/snpeff",
                "combined/snpeff/combined.csv",
                "combined/snpeff/combined.genes.txt",
                "combined/snpeff/combined.snpeff.vcf.gz",
                "combined/snpeff/combined.snpeff.vcf.gz.tbi",
                "combined/snpeff/snpEff_summary.html",
                "combined/splitvcf",
                "combined/splitvcf/ERR2172265.vcf.gz",
                "combined/splitvcf/ERR2172266.vcf.gz",
                "combined/splitvcf/ERR2172267.vcf.gz",
                "combined/splitvcf/samplelist.txt",
                "combined/vcf-qc-report",
                "combined/vcf-qc-report/vcf-qc-report.txt",
                "combined/vcf-qc-report/vcfqc_passed_samples.txt",
                "combined/vcf-to-fasta",
                "combined/vcf-to-fasta/vcf-to-fasta.fasta",
                "downsample",
                "multiqc",
                "multiqc/multiqc_data",
                "multiqc/multiqc_data/multiqc.log",
                "multiqc/multiqc_data/multiqc_citations.txt",
                "multiqc/multiqc_data/multiqc_data.json",
                "multiqc/multiqc_data/multiqc_fastqc.txt",
                "multiqc/multiqc_data/multiqc_general_stats.txt",
                "multiqc/multiqc_data/multiqc_qualimap_bamqc_genome_results.txt",
                "multiqc/multiqc_data/multiqc_samtools_flagstat.txt",
                "multiqc/multiqc_data/multiqc_samtools_idxstats.txt",
                "multiqc/multiqc_data/multiqc_samtools_stats.txt",
                "multiqc/multiqc_data/multiqc_software_versions.txt",
                "multiqc/multiqc_data/multiqc_sources.txt",
                "multiqc/multiqc_report.html",
                "pipeline_info",
                "pipeline_info/mycosnp_software_versions.yml",
                "qc",
                "qc/combined_QC_results.csv",
                "samples",
                "samples/ERR2172265",
                "samples/ERR2172265/faqcs",
                "samples/ERR2172265/faqcs/ERR2172265.base_content.txt",
                "samples/ERR2172265/faqcs/ERR2172265.for_qual_histogram.txt",
                "samples/ERR2172265/faqcs/ERR2172265.length_count.txt",
                "samples/ERR2172265/faqcs/ERR2172265.stats.txt",
                "samples/ERR2172265/faqcs/ERR2172265.trimmed.unpaired.fastq.gz",
                "samples/ERR2172265/faqcs/ERR2172265_1.trimmed.fastq.gz",
                "samples/ERR2172265/faqcs/ERR2172265_2.trimmed.fastq.gz",
                "samples/ERR2172265/faqcs/qa.ERR2172265.base_content.txt",
                "samples/ERR2172265/faqcs/qa.ERR2172265.for_qual_histogram.txt",
                "samples/ERR2172265/faqcs/qa.ERR2172265.length_count.txt",
                "samples/ERR2172265/fastqc_post",
                "samples/ERR2172265/fastqc_post/ERR2172265_1_fastqc.html",
                "samples/ERR2172265/fastqc_post/ERR2172265_1_fastqc.zip",
                "samples/ERR2172265/fastqc_post/ERR2172265_2_fastqc.html",
                "samples/ERR2172265/fastqc_post/ERR2172265_2_fastqc.zip",
                "samples/ERR2172265/fastqc_raw",
                "samples/ERR2172265/fastqc_raw/ERR2172265.raw_1_fastqc.html",
                "samples/ERR2172265/fastqc_raw/ERR2172265.raw_1_fastqc.zip",
                "samples/ERR2172265/fastqc_raw/ERR2172265.raw_2_fastqc.html",
                "samples/ERR2172265/fastqc_raw/ERR2172265.raw_2_fastqc.zip",
                "samples/ERR2172265/finalbam",
                "samples/ERR2172265/finalbam/ERR2172265.bam",
                "samples/ERR2172265/finalbam/ERR2172265.bam.bai",
                "samples/ERR2172265/qc_report",
                "samples/ERR2172265/qc_report/ERR2172265_output.txt",
                "samples/ERR2172265/variant_calling",
                "samples/ERR2172265/variant_calling/haplotypecaller",
                "samples/ERR2172265/variant_calling/haplotypecaller/ERR2172265.g.vcf.gz",
                "samples/ERR2172265/variant_calling/haplotypecaller/ERR2172265.g.vcf.gz.tbi",
                "samples/ERR2172266",
                "samples/ERR2172266/faqcs",
                "samples/ERR2172266/faqcs/ERR2172266.base_content.txt",
                "samples/ERR2172266/faqcs/ERR2172266.for_qual_histogram.txt",
                "samples/ERR2172266/faqcs/ERR2172266.length_count.txt",
                "samples/ERR2172266/faqcs/ERR2172266.stats.txt",
                "samples/ERR2172266/faqcs/ERR2172266.trimmed.unpaired.fastq.gz",
                "samples/ERR2172266/faqcs/ERR2172266_1.trimmed.fastq.gz",
                "samples/ERR2172266/faqcs/ERR2172266_2.trimmed.fastq.gz",
                "samples/ERR2172266/faqcs/qa.ERR2172266.base_content.txt",
                "samples/ERR2172266/faqcs/qa.ERR2172266.for_qual_histogram.txt",
                "samples/ERR2172266/faqcs/qa.ERR2172266.length_count.txt",
                "samples/ERR2172266/fastqc_post",
                "samples/ERR2172266/fastqc_post/ERR2172266_1_fastqc.html",
                "samples/ERR2172266/fastqc_post/ERR2172266_1_fastqc.zip",
                "samples/ERR2172266/fastqc_post/ERR2172266_2_fastqc.html",
                "samples/ERR2172266/fastqc_post/ERR2172266_2_fastqc.zip",
                "samples/ERR2172266/fastqc_raw",
                "samples/ERR2172266/fastqc_raw/ERR2172266.raw_1_fastqc.html",
                "samples/ERR2172266/fastqc_raw/ERR2172266.raw_1_fastqc.zip",
                "samples/ERR2172266/fastqc_raw/ERR2172266.raw_2_fastqc.html",
                "samples/ERR2172266/fastqc_raw/ERR2172266.raw_2_fastqc.zip",
                "samples/ERR2172266/finalbam",
                "samples/ERR2172266/finalbam/ERR2172266.bam",
                "samples/ERR2172266/finalbam/ERR2172266.bam.bai",
                "samples/ERR2172266/qc_report",
                "samples/ERR2172266/qc_report/ERR2172266_output.txt",
                "samples/ERR2172266/variant_calling",
                "samples/ERR2172266/variant_calling/haplotypecaller",
                "samples/ERR2172266/variant_calling/haplotypecaller/ERR2172266.g.vcf.gz",
                "samples/ERR2172266/variant_calling/haplotypecaller/ERR2172266.g.vcf.gz.tbi",
                "samples/ERR2172267",
                "samples/ERR2172267/faqcs",
                "samples/ERR2172267/faqcs/ERR2172267.base_content.txt",
                "samples/ERR2172267/faqcs/ERR2172267.for_qual_histogram.txt",
                "samples/ERR2172267/faqcs/ERR2172267.length_count.txt",
                "samples/ERR2172267/faqcs/ERR2172267.stats.txt",
                "samples/ERR2172267/faqcs/ERR2172267.trimmed.unpaired.fastq.gz",
                "samples/ERR2172267/faqcs/ERR2172267_1.trimmed.fastq.gz",
                "samples/ERR2172267/faqcs/ERR2172267_2.trimmed.fastq.gz",
                "samples/ERR2172267/faqcs/qa.ERR2172267.base_content.txt",
                "samples/ERR2172267/faqcs/qa.ERR2172267.for_qual_histogram.txt",
                "samples/ERR2172267/faqcs/qa.ERR2172267.length_count.txt",
                "samples/ERR2172267/fastqc_post",
                "samples/ERR2172267/fastqc_post/ERR2172267_1_fastqc.html",
                "samples/ERR2172267/fastqc_post/ERR2172267_1_fastqc.zip",
                "samples/ERR2172267/fastqc_post/ERR2172267_2_fastqc.html",
                "samples/ERR2172267/fastqc_post/ERR2172267_2_fastqc.zip",
                "samples/ERR2172267/fastqc_raw",
                "samples/ERR2172267/fastqc_raw/ERR2172267.raw_1_fastqc.html",
                "samples/ERR2172267/fastqc_raw/ERR2172267.raw_1_fastqc.zip",
                "samples/ERR2172267/fastqc_raw/ERR2172267.raw_2_fastqc.html",
                "samples/ERR2172267/fastqc_raw/ERR2172267.raw_2_fastqc.zip",
                "samples/ERR2172267/finalbam",
                "samples/ERR2172267/finalbam/ERR2172267.bam",
                "samples/ERR2172267/finalbam/ERR2172267.bam.bai",
                "samples/ERR2172267/qc_report",
                "samples/ERR2172267/qc_report/ERR2172267_output.txt",
                "samples/ERR2172267/variant_calling",
                "samples/ERR2172267/variant_calling/haplotypecaller",
                "samples/ERR2172267/variant_calling/haplotypecaller/ERR2172267.g.vcf.gz",
                "samples/ERR2172267/variant_calling/haplotypecaller/ERR2172267.g.vcf.gz.tbi"
            ],
            [
                "combined_cauris_refB11205_fks1.csv:md5,9a7a353c70fc3c75cc470e038bed4e3e",
                "qc_report.txt:md5,8f1c28ec08ceb1873feb11840b1edc51",
                "agogo.css:md5,bd757b1a7ce6fdc0288ba148680f4583",
                "ajax-loader.gif:md5,ae6667053ad118020b8e68ccf307b519",
                "basic.css:md5,25b2823342c0604924a2870eeb4e7e94",
                "doctools.js:md5,5ff571aa60e63f69c1890283e240ff8d",
                "jquery.js:md5,10092eee563dec2dca82b77d2cf5a1ae",
                "pygments.css:md5,d625a0adb949f181bd0d3f1432b0fa7f",
                "report.css:md5,7a5f09eaf7c176f966f4e8854168b812",
                "searchtools.js:md5,d550841adeedc8ed47c40ee607620937",
                "underscore.js:md5,db5ba047a66617d4cd3e8c5099cc51db",
                "websupport.js:md5,9e61e1e8a7433c56bd7e5a615affcf85",
                "genome_results.txt:md5,b07c863e9ec9fb4c72038667e0accf7d",
                "genome_fraction_coverage.txt:md5,8a5f06ae22f0bc215ada5ffae905b12b",
                "mapped_reads_clipping_profile.txt:md5,4d587d520f4669442e992505bae07d50",
                "mapped_reads_gc-content_distribution.txt:md5,a88e06a5f7c02f4528e6510b1ac64fc6",
                "mapped_reads_nucleotide_content.txt:md5,896af097c480c39a334dfd8582919677",
                "mapping_quality_across_reference.txt:md5,46ca749de846cc133915188370c985d2",
                "agogo.css:md5,bd757b1a7ce6fdc0288ba148680f4583",
                "ajax-loader.gif:md5,ae6667053ad118020b8e68ccf307b519",
                "basic.css:md5,25b2823342c0604924a2870eeb4e7e94",
                "doctools.js:md5,5ff571aa60e63f69c1890283e240ff8d",
                "jquery.js:md5,10092eee563dec2dca82b77d2cf5a1ae",
                "pygments.css:md5,d625a0adb949f181bd0d3f1432b0fa7f",
                "report.css:md5,7a5f09eaf7c176f966f4e8854168b812",
                "searchtools.js:md5,d550841adeedc8ed47c40ee607620937",
                "underscore.js:md5,db5ba047a66617d4cd3e8c5099cc51db",
                "websupport.js:md5,9e61e1e8a7433c56bd7e5a615affcf85",
                "genome_results.txt:md5,4d00fc7bb65617ed0d0704dc00fb2308",
                "genome_fraction_coverage.txt:md5,737a4646afc53f33eb8691d209bd7380",
                "mapped_reads_clipping_profile.txt:md5,713d8d67ad8a5b3c6b08481740462dfc",
                "mapped_reads_gc-content_distribution.txt:md5,9745cf69a54f425d07bd1684ccbad92a",
                "mapped_reads_nucleotide_content.txt:md5,3a411e47bdc19945e8183b7857049683",
                "mapping_quality_across_reference.txt:md5,a63fd89a1602833acb57e8aa08cd3a0e",
                "agogo.css:md5,bd757b1a7ce6fdc0288ba148680f4583",
                "ajax-loader.gif:md5,ae6667053ad118020b8e68ccf307b519",
                "basic.css:md5,25b2823342c0604924a2870eeb4e7e94",
                "doctools.js:md5,5ff571aa60e63f69c1890283e240ff8d",
                "jquery.js:md5,10092eee563dec2dca82b77d2cf5a1ae",
                "pygments.css:md5,d625a0adb949f181bd0d3f1432b0fa7f",
                "report.css:md5,7a5f09eaf7c176f966f4e8854168b812",
                "searchtools.js:md5,d550841adeedc8ed47c40ee607620937",
                "underscore.js:md5,db5ba047a66617d4cd3e8c5099cc51db",
                "websupport.js:md5,9e61e1e8a7433c56bd7e5a615affcf85",
                "genome_results.txt:md5,b0cb5d5b0b0295158d0d4de1143b5c8e",
                "genome_fraction_coverage.txt:md5,8d92f6fdda3cbe7d9c0e258ad85abd5c",
                "mapped_reads_clipping_profile.txt:md5,82da71a57124a1cd56472529c1bde592",
                "mapped_reads_gc-content_distribution.txt:md5,ae3596105994e531a69e84d1972fc912",
                "mapped_reads_nucleotide_content.txt:md5,53a0cf0d653682f5975128bae095e509",
                "mapping_quality_across_reference.txt:md5,46ca749de846cc133915188370c985d2",
                "ERR2172265.flagstat:md5,7eb3a2466e557b6ea9613e832400f6fa",
                "ERR2172266.flagstat:md5,be5d4112346a6500853ea507dfea9db0",
                "ERR2172267.flagstat:md5,a938e3a1d79e9a6660c666bacd9d78be",
                "ERR2172265.idxstats:md5,fbe69304e34f7a84ee3ab1559beb43fd",
                "ERR2172266.idxstats:md5,53ba9081bc05eab5df973fcbabe41b74",
                "ERR2172267.idxstats:md5,fba07fb7c122c8491d7d39d6b453dbf7",
                "ERR2172265.stats:md5,a9a157def6460fdfc42c5a02996be81c",
                "ERR2172266.stats:md5,816ee8be58a49d16b284002d2a29da25",
                "ERR2172267.stats:md5,056bc54ce523c0e402932d655af655af",
                "combined.tsv:md5,9f7693a4c766cea1a58b9d6e929cd628",
                "combined.genes.txt:md5,130536bf0237d7f3f746d32aaa32840a",
                "samplelist.txt:md5,d73ddd6c3a6a101187243a2b7257186a",
                "vcf-qc-report.txt:md5,3fb3c79c52b89d25088ec5cfea0804ee",
                "vcfqc_passed_samples.txt:md5,d41d8cd98f00b204e9800998ecf8427e",
                "vcf-to-fasta.fasta:md5,6c8994e2d535b92cf78b55aac74489ee",
                "multiqc_citations.txt:md5,9ed61f72b377e42c1d41cfe57204fb98",
                "multiqc_general_stats.txt:md5,5696f7a7571b5ff32b75cc7fe41a02b9",
                "multiqc_qualimap_bamqc_genome_results.txt:md5,2652f99220f46ba9efc1c9c08a2f52ac",
                "multiqc_samtools_flagstat.txt:md5,5cda3cb90461ef07b0b04eed53fb8472",
                "multiqc_samtools_idxstats.txt:md5,6754f2f7690509ff86801124f5585d6f",
                "multiqc_samtools_stats.txt:md5,e5cff4f70d90f79348b821782786d146",
                "combined_QC_results.csv:md5,4cdfe92a106b27d42de90cd3125b6fe5",
                "ERR2172265.base_content.txt:md5,49e504d58328a68b4219da80b9db5b21",
                "ERR2172265.for_qual_histogram.txt:md5,5cf11b013beac9fa1e39e21d8983a960",
                "ERR2172265.length_count.txt:md5,7569f7edd56f8fa311864e0f6a7e26be",
                "ERR2172265.stats.txt:md5,33f7fdeaaa24a33c8ee10df8924d7878",
                "ERR2172265.trimmed.unpaired.fastq.gz:md5,b2a058cc61cdfddb6673378e6313a9c3",
                "ERR2172265_1.trimmed.fastq.gz:md5,6d273d44a03658a9d0469e9cb49005eb",
                "ERR2172265_2.trimmed.fastq.gz:md5,62fafead482855f5a97aff6540b901d6",
                "qa.ERR2172265.base_content.txt:md5,7c7724ae074fb8363cec5d94c4e45c06",
                "qa.ERR2172265.for_qual_histogram.txt:md5,80730042e58886fd02ca775b54e9291a",
                "qa.ERR2172265.length_count.txt:md5,529919f2855fd8327f63627d9c3e3594",
                "ERR2172265.bam:md5,ce44bbb4504f84be699f392c6f6f5e85",
                "ERR2172265.bam.bai:md5,23e928cd6d8bb39d831742796b223136",
                "ERR2172265_output.txt:md5,2132d03cff697f84982a040bdefedd68",
                "ERR2172266.base_content.txt:md5,1d3a550b096e95e9928829d8e4c40728",
                "ERR2172266.for_qual_histogram.txt:md5,468f79a2faecc9008aec3a6ebfe14487",
                "ERR2172266.length_count.txt:md5,89a9305629e4f5ff8f5a532397c7ab4f",
                "ERR2172266.stats.txt:md5,70eeab6cec56debd81077cdb1d1cffc5",
                "ERR2172266.trimmed.unpaired.fastq.gz:md5,c0154506f305eb6e741cf1c506430624",
                "ERR2172266_1.trimmed.fastq.gz:md5,2599236b386ec7601dc067bee8205d37",
                "ERR2172266_2.trimmed.fastq.gz:md5,328e7a54e95d32af4b147e8b5b590e94",
                "qa.ERR2172266.base_content.txt:md5,6c4f41f6f224ea179c01afa11d56d5b2",
                "qa.ERR2172266.for_qual_histogram.txt:md5,d159c65f07f0402f2b61547bc5dec30c",
                "qa.ERR2172266.length_count.txt:md5,49dbb2ae184910ff118d66b13402b02b",
                "ERR2172266.bam:md5,7fc4123120255e787832587a84b7c822",
                "ERR2172266.bam.bai:md5,3c1b1fd44a887d22cc53927a22496bdb",
                "ERR2172266_output.txt:md5,e2301a8e9a994973d203f469304a7fbd",
                "ERR2172267.base_content.txt:md5,6873942de62e5116a9c9a896f8ee5110",
                "ERR2172267.for_qual_histogram.txt:md5,bd4515e9eb71dd1b77e36ed8c4359dc0",
                "ERR2172267.length_count.txt:md5,a992465c1922f4eced81ad55a8161f4b",
                "ERR2172267.stats.txt:md5,5d891a9e684f781f2a3e561f78e54e04",
                "ERR2172267.trimmed.unpaired.fastq.gz:md5,967f6c3c4324b8f90ee2eabceb038348",
                "ERR2172267_1.trimmed.fastq.gz:md5,566c84e59721f7393ad492328b257980",
                "ERR2172267_2.trimmed.fastq.gz:md5,b6ca4cce544d6916853f275029482a19",
                "qa.ERR2172267.base_content.txt:md5,c43ec16f87549be2ffa4c1ab88579606",
                "qa.ERR2172267.for_qual_histogram.txt:md5,b3ddb471141be47c7e0034da9f2f8f08",
                "qa.ERR2172267.length_count.txt:md5,d7bd9858eea1b5972c3ee3b6631b4bd1",
                "ERR2172267.bam:md5,89ae3385c156e31306ed1772b8aab0bd",
                "ERR2172267.bam.bai:md5,095317f0f09ef4a31f722ae39b7f0fed",
                "ERR2172267_output.txt:md5,b83c844622ab4e1736e96be96b4d07e7"
            ]
        ],
        "meta": {
            "nf-test": "0.9.2",
            "nextflow": "24.10.6"
        },
        "timestamp": "2025-10-28T12:49:18.150545779"
    }
}