{
    "-profile test": {
        "content": [
            18,
            {
                "BCFTOOLS_INDEX": {
                    "bcftools": 1.14
                },
                "BCFTOOLS_VIEW_CONVERT": {
                    "bcftools": 1.14
                },
                "FASTTREE": {
                    "fasttree": "2.1.10"
                },
                "FILTER_GATK_GENOTYPES": {
                    "python": "3.12.3"
                },
                "GATK4_GENOTYPEGVCFS": {
                    "gatk4": "4.2.4.0"
                },
                "GATK4_LOCALCOMBINEGVCFS": {
                    "gatk4": "4.2.4.0"
                },
                "GATK4_SELECTVARIANTS": {
                    "gatk4": "4.2.4.0"
                },
                "GATK4_VARIANTFILTRATION": {
                    "gatk4": "4.2.4.0"
                },
                "QUICKSNP": {
                    "python": "3.8.10"
                },
                "RAPIDNJ": {
                    "rapidnj": "2.3.2",
                    "biopython": 1.78
                },
                "SEQKIT_REPLACE": {
                    "seqkit": "2.1.0"
                },
                "SNPDISTS": {
                    "snpdists": "0.8.2"
                },
                "SPLIT_VCF": {
                    "bcftools": 1.14
                },
                "VCF_CONSENSUS": {
                    "bcftools": 1.14
                },
                "VCF_TO_FASTA": {
                    "python": "3.12.3"
                },
                "Workflow": {
                    "ph-core/mycosnp": "v1.6.4dev"
                }
            },
            [
                "combined",
                "combined/filteredgvcfs",
                "combined/filteredgvcfs/combined_genotype_filtered.vcf.gz",
                "combined/filteredgvcfs/combined_genotype_filtered.vcf.gz.tbi",
                "combined/finalfiltered",
                "combined/finalfiltered/finalfiltered.vcf.gz",
                "combined/genotypegvcfs",
                "combined/genotypegvcfs/combined_genotype.vcf.gz",
                "combined/genotypegvcfs/combined_genotype.vcf.gz.tbi",
                "combined/gvcf",
                "combined/gvcf/combined.combined.g.vcf.gz",
                "combined/gvcf/combined.combined.g.vcf.gz.tbi",
                "combined/phylogeny",
                "combined/phylogeny/fasttree",
                "combined/phylogeny/fasttree/fasttree_phylogeny.nh",
                "combined/phylogeny/fasttree/versions.yml",
                "combined/phylogeny/quicksnp",
                "combined/phylogeny/quicksnp/quicksnp_phylogeny.nwk",
                "combined/phylogeny/rapidnj",
                "combined/phylogeny/rapidnj/alignment.sth",
                "combined/phylogeny/rapidnj/rapidnj_phylogeny.nh",
                "combined/phylogeny/rapidnj/versions.yml",
                "combined/selectedsnps",
                "combined/selectedsnps/combined_genotype_filtered_snps.vcf.gz",
                "combined/selectedsnps/combined_genotype_filtered_snps.vcf.gz.tbi",
                "combined/selectedsnpsfiltered",
                "combined/selectedsnpsfiltered/finalfiltered.vcf.gz.csi",
                "combined/snpdists",
                "combined/snpdists/combined.tsv",
                "combined/splitvcf",
                "combined/splitvcf/B11842.vcf.gz",
                "combined/splitvcf/B11858.vcf.gz",
                "combined/splitvcf/samplelist.txt",
                "combined/vcf-qc-report",
                "combined/vcf-qc-report/vcf-qc-report.txt",
                "combined/vcf-qc-report/vcfqc_passed_samples.txt",
                "combined/vcf-to-fasta",
                "combined/vcf-to-fasta/vcf-to-fasta.fasta",
                "microreactshapes",
                "microreactshapes/microreact_metadata.csv",
                "multiqc",
                "multiqc/multiqc_data",
                "multiqc/multiqc_data/multiqc.log",
                "multiqc/multiqc_data/multiqc_citations.txt",
                "multiqc/multiqc_data/multiqc_data.json",
                "multiqc/multiqc_data/multiqc_sources.txt",
                "multiqc/multiqc_report.html",
                "pipeline_info",
                "pipeline_info/mycosnp_software_versions.yml"
            ],
            [
                "fasttree_phylogeny.nh:md5,fe2c05a349e53495babfa57e2dc601ab",
                "versions.yml:md5,a91365e9d59b5cb50603c3d7e174defc",
                "quicksnp_phylogeny.nwk:md5,2b6670b336bf8c5ca63a5026da99dac0",
                "alignment.sth:md5,ad2787968772af26a1b188206aad1442",
                "rapidnj_phylogeny.nh:md5,1de0290d2a59f1c784d70db0e6d1db4f",
                "versions.yml:md5,070461421db70f79f17ab805b5035d15",
                "combined.tsv:md5,cd1729a47fccfb17c743419643c4c34e",
                "samplelist.txt:md5,0a68476d8b93680bbdc57dbca3e12d78",
                "vcf-qc-report.txt:md5,f06671d835478a3f380eea92fcfd1d42",
                "vcfqc_passed_samples.txt:md5,0a68476d8b93680bbdc57dbca3e12d78",
                "vcf-to-fasta.fasta:md5,d42a1a4cee24d59fd60ff222789e62ca",
                "microreact_metadata.csv:md5,6b18b2e6c415a99e480dde42a02ca163",
                "multiqc_citations.txt:md5,4c806e63a283ec1b7e78cdae3a923d4f"
            ]
        ],
        "meta": {
            "nf-test": "0.9.2",
            "nextflow": "25.04.4"
        },
        "timestamp": "2025-10-08T12:33:18.395640951"
    }
}