{
    "-profile test": {
        "content": [
            19,
            {
                "BCFTOOLS_INDEX": {
                    "bcftools": 1.22
                },
                "BCFTOOLS_VIEW_CONVERT": {
                    "bcftools": 1.22
                },
                "FASTTREE": {
                    "fasttree": "2.2.0"
                },
                "FILTER_GATK_GENOTYPES": {
                    "python": "3.12.3"
                },
                "GATK4_COMBINEGVCFS": {
                    "gatk4": "4.6.2.0-SNAPSHOT"
                },
                "GATK4_GENOTYPEGVCFS": {
                    "gatk4": "4.6.2.0-SNAPSHOT"
                },
                "GATK4_INDEXFEATUREFILE": {
                    "gatk4": "4.6.2.0-SNAPSHOT"
                },
                "GATK4_SELECTVARIANTS": {
                    "gatk4": "4.6.2.0-SNAPSHOT"
                },
                "GATK4_VARIANTFILTRATION": {
                    "gatk4": "4.6.2.0-SNAPSHOT"
                },
                "MICROREACTSHAPES": {
                    "python": "3.12.3"
                },
                "QUICKSNP": {
                    "python": "3.12.3"
                },
                "RAPIDNJ": {
                    "rapidnj": "2.3.2",
                    "biopython": 1.86
                },
                "SEQKIT_REPLACE": {
                    "seqkit": "2.12.0"
                },
                "SNPDISTS": {
                    "snpdists": "0.8.2"
                },
                "SPLIT_VCF": {
                    "bcftools": 1.22
                },
                "VCF_CONSENSUS": {
                    "bcftools": 1.22
                },
                "VCF_QC": {
                    "awk": "1.3.4"
                },
                "VCF_TO_FASTA": {
                    "python": "3.12.3"
                },
                "Workflow": {
                    "CDCgov/mycosnp-nf": "v1.6.4-oamd.1.0.0"
                }
            },
            [
                "combined",
                "combined/filteredgvcfs",
                "combined/filteredgvcfs/combined_genotype_filtered.vcf.gz",
                "combined/filteredgvcfs/combined_genotype_filtered.vcf.gz.tbi",
                "combined/finalfiltered",
                "combined/finalfiltered/finalfiltered.vcf.gz",
                "combined/genotypegvcfs",
                "combined/genotypegvcfs/combined_genotype.vcf.gz",
                "combined/genotypegvcfs/combined_genotype.vcf.gz.tbi",
                "combined/gvcf",
                "combined/gvcf/combined.combined.g.vcf.gz",
                "combined/gvcf_index",
                "combined/gvcf_index/combined.combined.g.vcf.gz.tbi",
                "combined/phylogeny",
                "combined/phylogeny/fasttree",
                "combined/phylogeny/fasttree/fasttree_phylogeny.nh",
                "combined/phylogeny/quicksnp",
                "combined/phylogeny/quicksnp/quicksnp_phylogeny.nwk",
                "combined/phylogeny/rapidnj",
                "combined/phylogeny/rapidnj/alignment.sth",
                "combined/phylogeny/rapidnj/rapidnj_phylogeny.nh",
                "combined/selectedsnps",
                "combined/selectedsnps/combined_genotype_filtered_snps.vcf.gz",
                "combined/selectedsnps/combined_genotype_filtered_snps.vcf.gz.tbi",
                "combined/selectedsnpsfiltered",
                "combined/selectedsnpsfiltered/finalfiltered.vcf.gz.csi",
                "combined/snpdists",
                "combined/snpdists/combined.tsv",
                "combined/splitvcf",
                "combined/splitvcf/B11858.vcf.gz",
                "combined/splitvcf/B12360.vcf.gz",
                "combined/splitvcf/B13519.vcf.gz",
                "combined/splitvcf/samplelist.txt",
                "combined/vcf-qc-report",
                "combined/vcf-qc-report/vcf-qc-report.txt",
                "combined/vcf-qc-report/vcfqc_passed_samples.txt",
                "combined/vcf-to-fasta",
                "combined/vcf-to-fasta/vcf-to-fasta.fasta",
                "microreactshapes",
                "microreactshapes/microreact_metadata.csv",
                "multiqc",
                "multiqc/multiqc_data",
                "multiqc/multiqc_data/llms-full.txt",
                "multiqc/multiqc_data/multiqc.log",
                "multiqc/multiqc_data/multiqc.parquet",
                "multiqc/multiqc_data/multiqc_citations.txt",
                "multiqc/multiqc_data/multiqc_data.json",
                "multiqc/multiqc_data/multiqc_sources.txt",
                "multiqc/multiqc_report.html",
                "pipeline_info",
                "pipeline_info/mycosnp_software_versions.yml"
            ],
            [
                "fasttree_phylogeny.nh:md5,79743e795074dbb64854cfa5669cde53",
                "quicksnp_phylogeny.nwk:md5,e22e4583f89f592eecac824b6af34d7d",
                "alignment.sth:md5,d639c9bc224134cb9b3cfa8aa553147a",
                "rapidnj_phylogeny.nh:md5,1674d216dcf24796dfe521bd34e9a0cb",
                "combined.tsv:md5,b7216735d035345d7b318652453b3ca9",
                "samplelist.txt:md5,1e5702cbb2a3e8b0076cc372edf7385a",
                "vcf-qc-report.txt:md5,5d3fd68cd581851f6eb14ff2ae2e6474",
                "vcfqc_passed_samples.txt:md5,1e5702cbb2a3e8b0076cc372edf7385a",
                "vcf-to-fasta.fasta:md5,4fd29cd74e0408c14e96a7182a7ea552",
                "microreact_metadata.csv:md5,39fd40217d482e5c8bcfa04c85600084",
                "multiqc_citations.txt:md5,4c806e63a283ec1b7e78cdae3a923d4f"
            ]
        ],
        "meta": {
            "nf-test": "0.9.3",
            "nextflow": "25.04.6"
        },
        "timestamp": "2026-01-28T15:55:43.898583647"
    }
}