{
    "-profile test": {
        "content": [
            22,
            {
                "FAQCS": {
                    "faqcs": 2.12
                },
                "FASTQC_RAW": {
                    "fastqc": "0.12.1"
                },
                "GAMBIT_QUERY": {
                    "gambit": "1.1.0"
                },
                "PRE_MYCOSNP_INDV_SUMMARY": {
                    "ncbi-datasets-cli": "18.14.0"
                },
                "SEQKIT_PAIR": {
                    "seqkit": "2.12.0"
                },
                "SHOVILL": {
                    "shovill": "1.1.0"
                },
                "SUBTYPE": {
                    "sourmash": "4.8.14"
                },
                "Workflow": {
                    "CDCgov/mycosnp-nf": "v1.6.4-oamd.1.0.0"
                }
            },
            [
                "aggregate_outputs",
                "aggregate_outputs/pre-mycosnp-summary.csv",
                "multiqc",
                "multiqc/multiqc_data",
                "multiqc/multiqc_data/fastqc-status-check-heatmap.txt",
                "multiqc/multiqc_data/fastqc_adapter_content_plot.txt",
                "multiqc/multiqc_data/fastqc_per_base_n_content_plot.txt",
                "multiqc/multiqc_data/fastqc_per_base_sequence_quality_plot.txt",
                "multiqc/multiqc_data/fastqc_per_sequence_gc_content_plot_Counts.txt",
                "multiqc/multiqc_data/fastqc_per_sequence_gc_content_plot_Percentages.txt",
                "multiqc/multiqc_data/fastqc_per_sequence_quality_scores_plot.txt",
                "multiqc/multiqc_data/fastqc_sequence_counts_plot.txt",
                "multiqc/multiqc_data/fastqc_sequence_duplication_levels_plot.txt",
                "multiqc/multiqc_data/fastqc_sequence_length_distribution_plot.txt",
                "multiqc/multiqc_data/llms-full.txt",
                "multiqc/multiqc_data/multiqc.log",
                "multiqc/multiqc_data/multiqc.parquet",
                "multiqc/multiqc_data/multiqc_citations.txt",
                "multiqc/multiqc_data/multiqc_data.json",
                "multiqc/multiqc_data/multiqc_fastqc.txt",
                "multiqc/multiqc_data/multiqc_general_stats.txt",
                "multiqc/multiqc_data/multiqc_software_versions.txt",
                "multiqc/multiqc_data/multiqc_sources.txt",
                "multiqc/multiqc_plots",
                "multiqc/multiqc_plots/pdf",
                "multiqc/multiqc_plots/pdf/fastqc-status-check-heatmap.pdf",
                "multiqc/multiqc_plots/pdf/fastqc_adapter_content_plot.pdf",
                "multiqc/multiqc_plots/pdf/fastqc_per_base_n_content_plot.pdf",
                "multiqc/multiqc_plots/pdf/fastqc_per_base_sequence_quality_plot.pdf",
                "multiqc/multiqc_plots/pdf/fastqc_per_sequence_gc_content_plot_Counts.pdf",
                "multiqc/multiqc_plots/pdf/fastqc_per_sequence_gc_content_plot_Percentages.pdf",
                "multiqc/multiqc_plots/pdf/fastqc_per_sequence_quality_scores_plot.pdf",
                "multiqc/multiqc_plots/pdf/fastqc_sequence_counts_plot-cnt.pdf",
                "multiqc/multiqc_plots/pdf/fastqc_sequence_counts_plot-pct.pdf",
                "multiqc/multiqc_plots/pdf/fastqc_sequence_duplication_levels_plot.pdf",
                "multiqc/multiqc_plots/pdf/fastqc_sequence_length_distribution_plot.pdf",
                "multiqc/multiqc_plots/png",
                "multiqc/multiqc_plots/png/fastqc-status-check-heatmap.png",
                "multiqc/multiqc_plots/png/fastqc_adapter_content_plot.png",
                "multiqc/multiqc_plots/png/fastqc_per_base_n_content_plot.png",
                "multiqc/multiqc_plots/png/fastqc_per_base_sequence_quality_plot.png",
                "multiqc/multiqc_plots/png/fastqc_per_sequence_gc_content_plot_Counts.png",
                "multiqc/multiqc_plots/png/fastqc_per_sequence_gc_content_plot_Percentages.png",
                "multiqc/multiqc_plots/png/fastqc_per_sequence_quality_scores_plot.png",
                "multiqc/multiqc_plots/png/fastqc_sequence_counts_plot-cnt.png",
                "multiqc/multiqc_plots/png/fastqc_sequence_counts_plot-pct.png",
                "multiqc/multiqc_plots/png/fastqc_sequence_duplication_levels_plot.png",
                "multiqc/multiqc_plots/png/fastqc_sequence_length_distribution_plot.png",
                "multiqc/multiqc_plots/svg",
                "multiqc/multiqc_plots/svg/fastqc-status-check-heatmap.svg",
                "multiqc/multiqc_plots/svg/fastqc_adapter_content_plot.svg",
                "multiqc/multiqc_plots/svg/fastqc_per_base_n_content_plot.svg",
                "multiqc/multiqc_plots/svg/fastqc_per_base_sequence_quality_plot.svg",
                "multiqc/multiqc_plots/svg/fastqc_per_sequence_gc_content_plot_Counts.svg",
                "multiqc/multiqc_plots/svg/fastqc_per_sequence_gc_content_plot_Percentages.svg",
                "multiqc/multiqc_plots/svg/fastqc_per_sequence_quality_scores_plot.svg",
                "multiqc/multiqc_plots/svg/fastqc_sequence_counts_plot-cnt.svg",
                "multiqc/multiqc_plots/svg/fastqc_sequence_counts_plot-pct.svg",
                "multiqc/multiqc_plots/svg/fastqc_sequence_duplication_levels_plot.svg",
                "multiqc/multiqc_plots/svg/fastqc_sequence_length_distribution_plot.svg",
                "multiqc/multiqc_report.html",
                "pipeline_info",
                "pipeline_info/premycosnp_software_versions.yml",
                "samples",
                "samples/ERR2172265",
                "samples/ERR2172265/assembly",
                "samples/ERR2172265/assembly/ERR2172265.fa",
                "samples/ERR2172265/faqcs",
                "samples/ERR2172265/faqcs/ERR2172265.log",
                "samples/ERR2172265/faqcs/ERR2172265.stats.txt",
                "samples/ERR2172265/faqcs/ERR2172265.trimmed.unpaired.fastq.gz",
                "samples/ERR2172265/faqcs/ERR2172265_1.trimmed.fastq.gz",
                "samples/ERR2172265/faqcs/ERR2172265_2.trimmed.fastq.gz",
                "samples/ERR2172265/fastqc_raw",
                "samples/ERR2172265/fastqc_raw/ERR2172265.raw_1_fastqc.html",
                "samples/ERR2172265/fastqc_raw/ERR2172265.raw_1_fastqc.zip",
                "samples/ERR2172265/fastqc_raw/ERR2172265.raw_2_fastqc.html",
                "samples/ERR2172265/fastqc_raw/ERR2172265.raw_2_fastqc.zip",
                "samples/ERR2172265/pre-mycosnp_summary",
                "samples/ERR2172265/pre-mycosnp_summary/ERR2172265_linesummary.csv",
                "samples/ERR2172265/subtype",
                "samples/ERR2172265/subtype/ERR2172265_subtype.csv",
                "samples/ERR2172265/taxonomy",
                "samples/ERR2172265/taxonomy/ERR2172265_gambit.csv",
                "samples/ERR2172266",
                "samples/ERR2172266/assembly",
                "samples/ERR2172266/assembly/ERR2172266.fa",
                "samples/ERR2172266/faqcs",
                "samples/ERR2172266/faqcs/ERR2172266.log",
                "samples/ERR2172266/faqcs/ERR2172266.stats.txt",
                "samples/ERR2172266/faqcs/ERR2172266.trimmed.unpaired.fastq.gz",
                "samples/ERR2172266/faqcs/ERR2172266_1.trimmed.fastq.gz",
                "samples/ERR2172266/faqcs/ERR2172266_2.trimmed.fastq.gz",
                "samples/ERR2172266/fastqc_raw",
                "samples/ERR2172266/fastqc_raw/ERR2172266.raw_1_fastqc.html",
                "samples/ERR2172266/fastqc_raw/ERR2172266.raw_1_fastqc.zip",
                "samples/ERR2172266/fastqc_raw/ERR2172266.raw_2_fastqc.html",
                "samples/ERR2172266/fastqc_raw/ERR2172266.raw_2_fastqc.zip",
                "samples/ERR2172266/pre-mycosnp_summary",
                "samples/ERR2172266/pre-mycosnp_summary/ERR2172266_linesummary.csv",
                "samples/ERR2172266/subtype",
                "samples/ERR2172266/subtype/ERR2172266_subtype.csv",
                "samples/ERR2172266/taxonomy",
                "samples/ERR2172266/taxonomy/ERR2172266_gambit.csv",
                "samples/ERR2172267",
                "samples/ERR2172267/assembly",
                "samples/ERR2172267/assembly/ERR2172267.fa",
                "samples/ERR2172267/faqcs",
                "samples/ERR2172267/faqcs/ERR2172267.log",
                "samples/ERR2172267/faqcs/ERR2172267.stats.txt",
                "samples/ERR2172267/faqcs/ERR2172267.trimmed.unpaired.fastq.gz",
                "samples/ERR2172267/faqcs/ERR2172267_1.trimmed.fastq.gz",
                "samples/ERR2172267/faqcs/ERR2172267_2.trimmed.fastq.gz",
                "samples/ERR2172267/fastqc_raw",
                "samples/ERR2172267/fastqc_raw/ERR2172267.raw_1_fastqc.html",
                "samples/ERR2172267/fastqc_raw/ERR2172267.raw_1_fastqc.zip",
                "samples/ERR2172267/fastqc_raw/ERR2172267.raw_2_fastqc.html",
                "samples/ERR2172267/fastqc_raw/ERR2172267.raw_2_fastqc.zip",
                "samples/ERR2172267/pre-mycosnp_summary",
                "samples/ERR2172267/pre-mycosnp_summary/ERR2172267_linesummary.csv",
                "samples/ERR2172267/subtype",
                "samples/ERR2172267/subtype/ERR2172267_subtype.csv",
                "samples/ERR2172267/taxonomy",
                "samples/ERR2172267/taxonomy/ERR2172267_gambit.csv"
            ],
            [
                "fastqc-status-check-heatmap.txt:md5,f8a03a403581fb773699b470a5bbb93e",
                "fastqc_adapter_content_plot.txt:md5,85e8f98d7a978674a536a5d4bad276c2",
                "fastqc_per_base_n_content_plot.txt:md5,1231a4973a9882e3415d47b4ec207f1e",
                "fastqc_per_base_sequence_quality_plot.txt:md5,6dee3e29856600063875232d2734ad1a",
                "fastqc_per_sequence_gc_content_plot_Counts.txt:md5,e27d8b1096d32f8d3bc210b22c1ca8c7",
                "fastqc_per_sequence_gc_content_plot_Percentages.txt:md5,44c54fca6ba6c537323da0ada63ab5c2",
                "fastqc_per_sequence_quality_scores_plot.txt:md5,ccca2bc68ac3c4161870c20a330581a5",
                "fastqc_sequence_counts_plot.txt:md5,700688e8196383f560bd0136a26abb66",
                "fastqc_sequence_duplication_levels_plot.txt:md5,60f0063e35a0f9d56015b672aa73e05e",
                "fastqc_sequence_length_distribution_plot.txt:md5,165043ed2475b9a783132b6837c6aab7",
                "llms-full.txt:md5,73d442aa05af3ccd3202ffd62d4b52f1",
                "multiqc.parquet:md5,f940e819311ed535e7f108c29425fabc",
                "multiqc_citations.txt:md5,4c806e63a283ec1b7e78cdae3a923d4f",
                "multiqc_general_stats.txt:md5,886937d21da7ecff624ed55101503240",
                "ERR2172265.log:md5,e2e965323c97bdacf00004955536b31d",
                "ERR2172265.stats.txt:md5,33f7fdeaaa24a33c8ee10df8924d7878",
                "ERR2172265.trimmed.unpaired.fastq.gz:md5,b2a058cc61cdfddb6673378e6313a9c3",
                "ERR2172265_1.trimmed.fastq.gz:md5,6d273d44a03658a9d0469e9cb49005eb",
                "ERR2172265_2.trimmed.fastq.gz:md5,62fafead482855f5a97aff6540b901d6",
                "ERR2172265_subtype.csv:md5,d41d8cd98f00b204e9800998ecf8427e",
                "ERR2172265_gambit.csv:md5,43a5ddb4233829c58dcbe6b7f430d025",
                "ERR2172266.log:md5,e2e965323c97bdacf00004955536b31d",
                "ERR2172266.stats.txt:md5,70eeab6cec56debd81077cdb1d1cffc5",
                "ERR2172266.trimmed.unpaired.fastq.gz:md5,c0154506f305eb6e741cf1c506430624",
                "ERR2172266_1.trimmed.fastq.gz:md5,2599236b386ec7601dc067bee8205d37",
                "ERR2172266_2.trimmed.fastq.gz:md5,328e7a54e95d32af4b147e8b5b590e94",
                "ERR2172266_subtype.csv:md5,d41d8cd98f00b204e9800998ecf8427e",
                "ERR2172266_gambit.csv:md5,6d0e2b2fff34bf18da542851a654fa81",
                "ERR2172267.log:md5,e2e965323c97bdacf00004955536b31d",
                "ERR2172267.stats.txt:md5,5d891a9e684f781f2a3e561f78e54e04",
                "ERR2172267.trimmed.unpaired.fastq.gz:md5,967f6c3c4324b8f90ee2eabceb038348",
                "ERR2172267_1.trimmed.fastq.gz:md5,566c84e59721f7393ad492328b257980",
                "ERR2172267_2.trimmed.fastq.gz:md5,b6ca4cce544d6916853f275029482a19",
                "ERR2172267_subtype.csv:md5,d41d8cd98f00b204e9800998ecf8427e",
                "ERR2172267_gambit.csv:md5,bc21ddf0cbaa815fe9a95fa007ca57be"
            ]
        ],
        "meta": {
            "nf-test": "0.9.3",
            "nextflow": "25.04.6"
        },
        "timestamp": "2026-01-27T10:48:21.922842486"
    }
}