{
    "test-split-vcf": {
        "content": [
            [
                [
                    {
                        "id": "test",
                        "single_end": false
                    },
                    "samplelist.txt:md5,640a474d6f73b01524287f50ca538c04"
                ]
            ],
            [
                "versions.yml:md5,3f1b13c048433d99f0891d0203fe3116"
            ]
        ],
        "meta": {
            "nf-test": "0.9.2",
            "nextflow": "24.10.6"
        },
        "timestamp": "2025-09-30T16:44:56.595588556"
    },
    "test-split-vcf-stub": {
        "content": [
            [
                [
                    {
                        "id": "test",
                        "single_end": false
                    },
                    "samplelist.txt:md5,d41d8cd98f00b204e9800998ecf8427e"
                ]
            ],
            [
                "versions.yml:md5,3f1b13c048433d99f0891d0203fe3116"
            ]
        ],
        "meta": {
            "nf-test": "0.9.2",
            "nextflow": "24.10.6"
        },
        "timestamp": "2025-09-30T16:45:21.082848815"
    }
}