{
    "GAMBIT_QUERY - script": {
        "content": [
            {
                "0": [
                    [
                        {
                            "id": "test_sample"
                        },
                        "test_sample_gambit.csv:md5,6996dd433057946780ed5739de623787"
                    ]
                ],
                "1": [
                    "versions.yml:md5,172059ab6988038f9ca3938d07f65a35"
                ],
                "taxa": [
                    [
                        {
                            "id": "test_sample"
                        },
                        "test_sample_gambit.csv:md5,6996dd433057946780ed5739de623787"
                    ]
                ],
                "versions": [
                    "versions.yml:md5,172059ab6988038f9ca3938d07f65a35"
                ]
            }
        ],
        "meta": {
            "nf-test": "0.9.3",
            "nextflow": "25.04.7"
        },
        "timestamp": "2026-01-13T10:00:06.69052992"
    },
    "GAMBIT_QUERY - stub": {
        "content": [
            {
                "0": [
                    [
                        {
                            "id": "test_sample"
                        },
                        "test_sample_gambit.csv:md5,d41d8cd98f00b204e9800998ecf8427e"
                    ]
                ],
                "1": [
                    "versions.yml:md5,172059ab6988038f9ca3938d07f65a35"
                ],
                "taxa": [
                    [
                        {
                            "id": "test_sample"
                        },
                        "test_sample_gambit.csv:md5,d41d8cd98f00b204e9800998ecf8427e"
                    ]
                ],
                "versions": [
                    "versions.yml:md5,172059ab6988038f9ca3938d07f65a35"
                ]
            }
        ],
        "meta": {
            "nf-test": "0.9.3",
            "nextflow": "25.04.7"
        },
        "timestamp": "2026-01-13T10:01:13.008168401"
    }
}