{
    "test_SNPEFF_SNPEFF -stub": {
        "content": [
            {
                "0": [
                    [
                        {
                            "id": "test"
                        },
                        "/amdp-dev-bio-development-work/oamd-bio-fungal-mycosnp/60/4e5f66232b56fc06659769a1c2bcb7/test.ann.vcf"
                    ]
                ],
                "1": [
                    [
                        {
                            "id": "test"
                        },
                        "/amdp-dev-bio-development-work/oamd-bio-fungal-mycosnp/60/4e5f66232b56fc06659769a1c2bcb7/test.csv"
                    ]
                ],
                "2": [
                    [
                        {
                            "id": "test"
                        },
                        "/amdp-dev-bio-development-work/oamd-bio-fungal-mycosnp/60/4e5f66232b56fc06659769a1c2bcb7/test.html"
                    ]
                ],
                "3": [
                    [
                        {
                            "id": "test"
                        },
                        "/amdp-dev-bio-development-work/oamd-bio-fungal-mycosnp/60/4e5f66232b56fc06659769a1c2bcb7/test.genes.txt"
                    ]
                ],
                "4": [
                    "/amdp-dev-bio-development-work/oamd-bio-fungal-mycosnp/60/4e5f66232b56fc06659769a1c2bcb7/versions.yml"
                ],
                "genes_txt": [
                    [
                        {
                            "id": "test"
                        },
                        "/amdp-dev-bio-development-work/oamd-bio-fungal-mycosnp/60/4e5f66232b56fc06659769a1c2bcb7/test.genes.txt"
                    ]
                ],
                "report": [
                    [
                        {
                            "id": "test"
                        },
                        "/amdp-dev-bio-development-work/oamd-bio-fungal-mycosnp/60/4e5f66232b56fc06659769a1c2bcb7/test.csv"
                    ]
                ],
                "summary_html": [
                    [
                        {
                            "id": "test"
                        },
                        "/amdp-dev-bio-development-work/oamd-bio-fungal-mycosnp/60/4e5f66232b56fc06659769a1c2bcb7/test.html"
                    ]
                ],
                "vcf": [
                    [
                        {
                            "id": "test"
                        },
                        "/amdp-dev-bio-development-work/oamd-bio-fungal-mycosnp/60/4e5f66232b56fc06659769a1c2bcb7/test.ann.vcf"
                    ]
                ],
                "versions": [
                    "/amdp-dev-bio-development-work/oamd-bio-fungal-mycosnp/60/4e5f66232b56fc06659769a1c2bcb7/versions.yml"
                ]
            }
        ],
        "meta": {
            "nf-test": "0.9.3",
            "nextflow": "25.04.6"
        },
        "timestamp": "2026-01-15T11:49:29.365092088"
    },
    "test_SNPEFF_SNPEFF": {
        "content": [
            {
                "0": [
                    [
                        {
                            "id": "test"
                        },
                        "/amdp-dev-bio-development-work/oamd-bio-fungal-mycosnp/a1/dde22a9ee3d78c87eca2a8e9b4ca38/test.ann.vcf"
                    ]
                ],
                "1": [
                    [
                        {
                            "id": "test"
                        },
                        "/amdp-dev-bio-development-work/oamd-bio-fungal-mycosnp/a1/dde22a9ee3d78c87eca2a8e9b4ca38/test.csv"
                    ]
                ],
                "2": [
                    [
                        {
                            "id": "test"
                        },
                        "/amdp-dev-bio-development-work/oamd-bio-fungal-mycosnp/a1/dde22a9ee3d78c87eca2a8e9b4ca38/snpEff_summary.html"
                    ]
                ],
                "3": [
                    [
                        {
                            "id": "test"
                        },
                        "/amdp-dev-bio-development-work/oamd-bio-fungal-mycosnp/a1/dde22a9ee3d78c87eca2a8e9b4ca38/test.genes.txt"
                    ]
                ],
                "4": [
                    "/amdp-dev-bio-development-work/oamd-bio-fungal-mycosnp/a1/dde22a9ee3d78c87eca2a8e9b4ca38/versions.yml"
                ],
                "genes_txt": [
                    [
                        {
                            "id": "test"
                        },
                        "/amdp-dev-bio-development-work/oamd-bio-fungal-mycosnp/a1/dde22a9ee3d78c87eca2a8e9b4ca38/test.genes.txt"
                    ]
                ],
                "report": [
                    [
                        {
                            "id": "test"
                        },
                        "/amdp-dev-bio-development-work/oamd-bio-fungal-mycosnp/a1/dde22a9ee3d78c87eca2a8e9b4ca38/test.csv"
                    ]
                ],
                "summary_html": [
                    [
                        {
                            "id": "test"
                        },
                        "/amdp-dev-bio-development-work/oamd-bio-fungal-mycosnp/a1/dde22a9ee3d78c87eca2a8e9b4ca38/snpEff_summary.html"
                    ]
                ],
                "vcf": [
                    [
                        {
                            "id": "test"
                        },
                        "/amdp-dev-bio-development-work/oamd-bio-fungal-mycosnp/a1/dde22a9ee3d78c87eca2a8e9b4ca38/test.ann.vcf"
                    ]
                ],
                "versions": [
                    "/amdp-dev-bio-development-work/oamd-bio-fungal-mycosnp/a1/dde22a9ee3d78c87eca2a8e9b4ca38/versions.yml"
                ]
            }
        ],
        "meta": {
            "nf-test": "0.9.3",
            "nextflow": "25.04.6"
        },
        "timestamp": "2026-01-15T11:48:28.648337789"
    }
}