{
    "test_SNPEFF_SNPEFF -stub": {
        "content": [
            [
                "versions.yml:md5,31455ec3cd593e97780029ffaa09d80e"
            ]
        ],
        "meta": {
            "nf-test": "0.9.3",
            "nextflow": "25.04.6"
        },
        "timestamp": "2026-01-15T13:11:42.935818232"
    },
    "test_SNPEFF_SNPEFF": {
        "content": [
            [
                "versions.yml:md5,31455ec3cd593e97780029ffaa09d80e"
            ]
        ],
        "meta": {
            "nf-test": "0.9.3",
            "nextflow": "25.04.6"
        },
        "timestamp": "2026-01-15T13:10:37.876237986"
    }
}