{
    "INPUT_PROC - stub": {
        "content": [
            {
                "0": [
                    [
                        {
                            "id": "reference"
                        },
                        "reference.fasta:md5,d41d8cd98f00b204e9800998ecf8427e",
                        "reference.copy.fasta:md5,d41d8cd98f00b204e9800998ecf8427e"
                    ]
                ],
                "1": [
                    "versions.yml:md5,9fa30a2115cc2fc54e96cd1b999b538e"
                ],
                "ref_fasta": [
                    [
                        {
                            "id": "reference"
                        },
                        "reference.fasta:md5,d41d8cd98f00b204e9800998ecf8427e",
                        "reference.copy.fasta:md5,d41d8cd98f00b204e9800998ecf8427e"
                    ]
                ],
                "versions": [
                    "versions.yml:md5,9fa30a2115cc2fc54e96cd1b999b538e"
                ]
            }
        ],
        "meta": {
            "nf-test": "0.9.3",
            "nextflow": "25.04.6"
        },
        "timestamp": "2026-01-28T10:34:25.565827815"
    },
    "INPUT_PROC": {
        "content": [
            {
                "0": [
                    [
                        {
                            "id": "reference"
                        },
                        "reference.fasta:md5,6e9fe4042a72f2345f644f239272b7e6",
                        "reference.copy.fasta:md5,6e9fe4042a72f2345f644f239272b7e6"
                    ]
                ],
                "1": [
                    "versions.yml:md5,9fa30a2115cc2fc54e96cd1b999b538e"
                ],
                "ref_fasta": [
                    [
                        {
                            "id": "reference"
                        },
                        "reference.fasta:md5,6e9fe4042a72f2345f644f239272b7e6",
                        "reference.copy.fasta:md5,6e9fe4042a72f2345f644f239272b7e6"
                    ]
                ],
                "versions": [
                    "versions.yml:md5,9fa30a2115cc2fc54e96cd1b999b538e"
                ]
            }
        ],
        "meta": {
            "nf-test": "0.9.3",
            "nextflow": "25.04.6"
        },
        "timestamp": "2026-01-28T10:33:06.711364662"
    }
}