{
    "QUICKSNP - create nwk file based on distance matrix TSV file": {
        "content": [
            {
                "0": [
                    [
                        {
                            "id": "test"
                        },
                        "quicksnp_tree.nwk:md5,7dacc2b57aa4c2659c063d81da5f125d"
                    ]
                ],
                "1": [
                    "versions.yml:md5,e9c43850d98c5eeb1ea5707609594699"
                ],
                "quicksnp_tree": [
                    [
                        {
                            "id": "test"
                        },
                        "quicksnp_tree.nwk:md5,7dacc2b57aa4c2659c063d81da5f125d"
                    ]
                ],
                "versions": [
                    "versions.yml:md5,e9c43850d98c5eeb1ea5707609594699"
                ]
            }
        ],
        "meta": {
            "nf-test": "0.9.3",
            "nextflow": "25.04.6"
        },
        "timestamp": "2026-01-28T11:27:22.566282446"
    },
    "QUICKSNP - stub test": {
        "content": [
            {
                "0": [
                    [
                        {
                            "id": "test"
                        },
                        "quicksnp_tree.nwk:md5,d41d8cd98f00b204e9800998ecf8427e"
                    ]
                ],
                "1": [
                    "versions.yml:md5,e9c43850d98c5eeb1ea5707609594699"
                ],
                "quicksnp_tree": [
                    [
                        {
                            "id": "test"
                        },
                        "quicksnp_tree.nwk:md5,d41d8cd98f00b204e9800998ecf8427e"
                    ]
                ],
                "versions": [
                    "versions.yml:md5,e9c43850d98c5eeb1ea5707609594699"
                ]
            }
        ],
        "meta": {
            "nf-test": "0.9.3",
            "nextflow": "25.04.6"
        },
        "timestamp": "2026-01-28T11:30:39.361204944"
    }
}