{
    "QUICKSNP - create nwk file based on distance matrix TSV file": {
        "content": [
            {
                "0": [
                    [
                        {
                            "id": "test"
                        },
                        "quicksnp_tree.nwk:md5,6da5ce8fc15f1a3b23afb80ec0bf47e4"
                    ]
                ],
                "quicksnp_tree": [
                    [
                        {
                            "id": "test"
                        },
                        "quicksnp_tree.nwk:md5,6da5ce8fc15f1a3b23afb80ec0bf47e4"
                    ]
                ]
            }
        ],
        "meta": {
            "nf-test": "0.9.2",
            "nextflow": "24.10.6"
        },
        "timestamp": "2025-09-25T10:53:24.377826358"
    },
    "QUICKSNP - stub test": {
        "content": [
            {
                "0": [
                    [
                        {
                            "id": "test"
                        },
                        "quicksnp_tree.nwk:md5,d41d8cd98f00b204e9800998ecf8427e"
                    ]
                ],
                "quicksnp_tree": [
                    [
                        {
                            "id": "test"
                        },
                        "quicksnp_tree.nwk:md5,d41d8cd98f00b204e9800998ecf8427e"
                    ]
                ]
            }
        ],
        "meta": {
            "nf-test": "0.9.2",
            "nextflow": "24.10.6"
        },
        "timestamp": "2025-09-25T10:53:48.137716364"
    }
}