{
    "COORDSTOBED - stub test": {
        "content": [
            {
                "0": [
                    [
                        {
                            "id": "reference"
                        },
                        "masked_ref.bed:md5,d41d8cd98f00b204e9800998ecf8427e"
                    ]
                ],
                "1": [
                    "versions.yml:md5,cd39295cef658f32610021f0cb6b5bc3"
                ],
                "bed": [
                    [
                        {
                            "id": "reference"
                        },
                        "masked_ref.bed:md5,d41d8cd98f00b204e9800998ecf8427e"
                    ]
                ],
                "versions": [
                    "versions.yml:md5,cd39295cef658f32610021f0cb6b5bc3"
                ]
            }
        ],
        "meta": {
            "nf-test": "0.9.2",
            "nextflow": "24.10.6"
        },
        "timestamp": "2025-09-25T15:02:46.397842962"
    },
    "COORDSTOBED - convert detla to bed file": {
        "content": [
            {
                "0": [
                    [
                        {
                            "id": "reference"
                        },
                        "masked_ref.bed:md5,abad701c2a14cdf2425f39afb0574433"
                    ]
                ],
                "1": [
                    "versions.yml:md5,ffddfd58eb2125b9e831479ba2a5425d"
                ],
                "bed": [
                    [
                        {
                            "id": "reference"
                        },
                        "masked_ref.bed:md5,abad701c2a14cdf2425f39afb0574433"
                    ]
                ],
                "versions": [
                    "versions.yml:md5,ffddfd58eb2125b9e831479ba2a5425d"
                ]
            }
        ],
        "meta": {
            "nf-test": "0.9.2",
            "nextflow": "24.10.6"
        },
        "timestamp": "2025-09-25T15:02:28.807859959"
    }
}